
/home/twitlin/src/crosswithfriends/frontend/src/__tests__/mocks/socket.ts
  15:3  warning  Unused eslint-disable directive (no problems were reported from 'no-underscore-dangle')
  74:5  warning  Unused eslint-disable directive (no problems were reported from 'no-underscore-dangle')

/home/twitlin/src/crosswithfriends/frontend/src/components/Chat/Chat.tsx
  259:14  warning  'users' is already declared in the upper scope on line 125 column 5  @typescript-eslint/no-shadow
  406:42  warning  'id' is already declared in the upper scope on line 114 column 5     @typescript-eslint/no-shadow
  406:75  warning  'color' is already declared in the upper scope on line 128 column 5  @typescript-eslint/no-shadow
  417:6   warning  'users' is already declared in the upper scope on line 125 column 5  @typescript-eslint/no-shadow
  420:36  warning  'id' is already declared in the upper scope on line 114 column 5     @typescript-eslint/no-shadow
  447:58  warning  'color' is already declared in the upper scope on line 128 column 5  @typescript-eslint/no-shadow
  481:24  warning  JSX props should not use arrow functions                             react/jsx-no-bind
  536:18  warning  Do not nest ternary expressions                                      no-nested-ternary
  564:30  warning  'id' is already declared in the upper scope on line 114 column 5     @typescript-eslint/no-shadow
  566:13  warning  'color' is already declared in the upper scope on line 128 column 5  @typescript-eslint/no-shadow
  567:13  warning  'users' is already declared in the upper scope on line 125 column 5  @typescript-eslint/no-shadow
  643:11  warning  'users' is already declared in the upper scope on line 125 column 5  @typescript-eslint/no-shadow
  658:16  warning  Expected to return a value at the end of arrow function              consistent-return
  700:11  warning  JSX props should not use arrow functions                             react/jsx-no-bind

/home/twitlin/src/crosswithfriends/frontend/src/components/Chat/ChatBar.tsx
  23:33  warning  Unexpected any. Specify a different type  @typescript-eslint/no-explicit-any

/home/twitlin/src/crosswithfriends/frontend/src/components/Chat/ColorPicker.tsx
  31:6  warning  React Hook React.useCallback has a missing dependency: 'props'. Either include it or remove the dependency array. However, 'props' will change when *any* prop changes, so the preferred fix is to destructure the 'props' object outside of the useCallback call and refer to those specific props inside React.useCallback  react-hooks/exhaustive-deps

/home/twitlin/src/crosswithfriends/frontend/src/components/Chat/EmojiPicker.tsx
   38:13  warning  'ref' is already declared in the upper scope on line 25 column 80                                                                                                                                                                                                                                                                                                                                                                                                                                                                                                                                                                                   @typescript-eslint/no-shadow
   53:13  warning  'ref' is already declared in the upper scope on line 25 column 80                                                                                                                                                                                                                                                                                                                                                                                                                                                                                                                                                                                   @typescript-eslint/no-shadow
  189:28  warning  Unexpected any. Specify a different type                                                                                                                                                                                                                                                                                                                                                                                                                                                                                                                                                                                                            @typescript-eslint/no-explicit-any
  196:7   warning  Arrow function expected no return value                                                                                                                                                                                                                                                                                                                                                                                                                                                                                                                                                                                                             consistent-return
  214:40  warning  `"` can be escaped with `&quot;`, `&ldquo;`, `&#34;`, `&rdquo;`                                                                                                                                                                                                                                                                                                                                                                                                                                                                                                                                                                                     react/no-unescaped-entities
  214:56  warning  `"` can be escaped with `&quot;`, `&ldquo;`, `&#34;`, `&rdquo;`                                                                                                                                                                                                                                                                                                                                                                                                                                                                                                                                                                                     react/no-unescaped-entities
  253:11  warning  Avoid non-native interactive elements. If using native HTML is not possible, add an appropriate role and support for tabbing, mouse, keyboard, and touch inputs to an interactive content element                                                                                                                                                                                                                                                                                                                                                                                                                                                   jsx-a11y/no-static-element-interactions
  291:10  warning  Error: Cannot access refs during render

React refs are values that are not needed for rendering. Refs should only be accessed outside of render, such as in event handlers or effects. Accessing a ref value (the `current` property) during render can cause your component not to update as expected (https://react.dev/reference/react/useRef).

/home/twitlin/src/crosswithfriends/frontend/src/components/Chat/EmojiPicker.tsx:291:10
  289 |       >
  290 |         {renderHeader()}
> 291 |         {renderMatches()}
      |          ^^^^^^^^^^^^^ This function accesses a ref value
  292 |       </Stack>
  293 |     );
  294 |   }  react-hooks/refs

/home/twitlin/src/crosswithfriends/frontend/src/components/Compose/Create.tsx
  180:17  error  Parsing error: ';' expected

/home/twitlin/src/crosswithfriends/frontend/src/components/Compose/Hints.tsx
    7:9   warning  Unexpected any. Specify a different type                                                                                                                                                                                                                                                                                                                                                                                                                                                                                                                                                                                                                                                                                                                                                                                                                                                                                                                                                                                                                                                                                                                                                                                                                                                                                                                                                                                                                      @typescript-eslint/no-explicit-any
   94:7   warning  Visible, non-interactive elements with click handlers must have at least one keyboard listener                                                                                                                                                                                                                                                                                                                                                                                                                                                                                                                                                                                                                                                                                                                                                                                                                                                                                                                                                                                                                                                                                                                                                                                                                                                                                                                                                                jsx-a11y/click-events-have-key-events
   94:7   warning  Avoid non-native interactive elements. If using native HTML is not possible, add an appropriate role and support for tabbing, mouse, keyboard, and touch inputs to an interactive content element                                                                                                                                                                                                                                                                                                                                                                                                                                                                                                                                                                                                                                                                                                                                                                                                                                                                                                                                                                                                                                                                                                                                                                                                                                                             jsx-a11y/no-static-element-interactions
   96:9   warning  JSX props should not use arrow functions                                                                                                                                                                                                                                                                                                                                                                                                                                                                                                                                                                                                                                                                                                                                                                                                                                                                                                                                                                                                                                                                                                                                                                                                                                                                                                                                                                                                                      react/jsx-no-bind
  113:39  warning  Error: Cannot access refs during render

React refs are values that are not needed for rendering. Refs should only be accessed outside of render, such as in event handlers or effects. Accessing a ref value (the `current` property) during render can cause your component not to update as expected (https://react.dev/reference/react/useRef).

/home/twitlin/src/crosswithfriends/frontend/src/components/Compose/Hints.tsx:113:39
  111 |           {list && list.length > 0 ? (
  112 |             <div className="hints--matches--entries">
> 113 |               {list.slice(0, 100).map((word, i) => (
      |                                       ^^^^^^^^^^^^^^
> 114 |                 <div key={i} className="hints--matches--entry">
      | ^^^^^^^^^^^^^^^^^^^^^^^^^^^^^^^^^^^^^^^^^^^^^^^^^^^^^^^^^^^^^^^
> 115 |                   <div className="hints--matches--entry--word">{word}</div>
      | ^^^^^^^^^^^^^^^^^^^^^^^^^^^^^^^^^^^^^^^^^^^^^^^^^^^^^^^^^^^^^^^
> 116 |                   <div className="hints--matches--entry--score">{getScore(word) || ''}</div>
      | ^^^^^^^^^^^^^^^^^^^^^^^^^^^^^^^^^^^^^^^^^^^^^^^^^^^^^^^^^^^^^^^
> 117 |                 </div>
      | ^^^^^^^^^^^^^^^^^^^^^^^^^^^^^^^^^^^^^^^^^^^^^^^^^^^^^^^^^^^^^^^
> 118 |               ))}
      | ^^^^^^^^^^^^^^^^ Cannot access ref value during render
  119 |             </div>
  120 |           ) : (
  121 |             'No matches'  react-hooks/refs
  114:27  warning  Do not use Array index in keys                                                                                                                                                                                                                                                                                                                                                                                                                                                                                                                                                                                                                                                                                                                                                                                                                                                                                                                                                                                                                                                                                                                                                                                                                                                                                                                                                                                                                                react/no-array-index-key

/home/twitlin/src/crosswithfriends/frontend/src/components/Compose/lib/hintUtils.js
   9:9   warning  Unexpected use of '&'   no-bitwise
   9:10  warning  Unexpected use of '>>'  no-bitwise
  20:23  warning  Unexpected use of '<<'  no-bitwise

/home/twitlin/src/crosswithfriends/frontend/src/components/Fencing/Fencing.tsx
  125:7   warning  Error: Calling setState synchronously within an effect can trigger cascading renders

Effects are intended to synchronize state between React and external systems such as manually updating the DOM, state management libraries, or other platform APIs. In general, the body of an effect should do one or both of the following:
* Update external systems with the latest state from React.
* Subscribe for updates from some external system, calling setState in a callback function when external state changes.

Calling setState synchronously within an effect body causes cascading renders that can hurt performance, and is not recommended. (https://react.dev/learn/you-might-not-need-an-effect).

/home/twitlin/src/crosswithfriends/frontend/src/components/Fencing/Fencing.tsx:125:7
  123 |         params: {},
  124 |       });
> 125 |       setHasRevealedAll(true);
      |       ^^^^^^^^^^^^^^^^^ Avoid calling setState() directly within an effect
  126 |     }
  127 |   }, [isGameComplete, hasRevealedAll, gameState.loaded, gameState.started, sendEvent]);
  128 |   useUpdateEffect(() => {  react-hooks/set-state-in-effect
  147:73  warning  'user' is already declared in the upper scope on line 109 column 9                                                                                                                                                                                                                                                                                                                                                                                                                                                                                                                                                                                                                                                                                                                                                                                                                                                                                                                                                                                                                                                               @typescript-eslint/no-shadow
  172:7   warning  Assignment to function parameter 'newName'                                                                                                                                                                                                                                                                                                                                                                                                                                                                                                                                                                                                                                                                                                                                                                                                                                                                                                                                                                                                                                                                                       no-param-reassign
  185:7   warning  Assignment to function parameter 'newName'                                                                                                                                                                                                                                                                                                                                                                                                                                                                                                                                                                                                                                                                                                                                                                                                                                                                                                                                                                                                                                                                                       no-param-reassign
  195:21  warning  'teamId' is already declared in the upper scope on line 112 column 9                                                                                                                                                                                                                                                                                                                                                                                                                                                                                                                                                                                                                                                                                                                                                                                                                                                                                                                                                                                                                                                             @typescript-eslint/no-shadow
  213:41  warning  'id' is already declared in the upper scope on line 111 column 9                                                                                                                                                                                                                                                                                                                                                                                                                                                                                                                                                                                                                                                                                                                                                                                                                                                                                                                                                                                                                                                                 @typescript-eslint/no-shadow
  235:7   warning  JSX props should not use arrow functions                                                                                                                                                                                                                                                                                                                                                                                                                                                                                                                                                                                                                                                                                                                                                                                                                                                                                                                                                                                                                                                                                         react/jsx-no-bind
  236:7   warning  JSX props should not use arrow functions                                                                                                                                                                                                                                                                                                                                                                                                                                                                                                                                                                                                                                                                                                                                                                                                                                                                                                                                                                                                                                                                                         react/jsx-no-bind
  237:7   warning  JSX props should not use arrow functions                                                                                                                                                                                                                                                                                                                                                                                                                                                                                                                                                                                                                                                                                                                                                                                                                                                                                                                                                                                                                                                                                         react/jsx-no-bind
  238:7   warning  JSX props should not use arrow functions                                                                                                                                                                                                                                                                                                                                                                                                                                                                                                                                                                                                                                                                                                                                                                                                                                                                                                                                                                                                                                                                                         react/jsx-no-bind
  257:23  warning  Forbidden non-null assertion                                                                                                                                                                                                                                                                                                                                                                                                                                                                                                                                                                                                                                                                                                                                                                                                                                                                                                                                                                                                                                                                                                     @typescript-eslint/no-non-null-assertion
  295:15  warning  JSX props should not use arrow functions                                                                                                                                                                                                                                                                                                                                                                                                                                                                                                                                                                                                                                                                                                                                                                                                                                                                                                                                                                                                                                                                                         react/jsx-no-bind
  298:15  warning  JSX props should not use arrow functions                                                                                                                                                                                                                                                                                                                                                                                                                                                                                                                                                                                                                                                                                                                                                                                                                                                                                                                                                                                                                                                                                         react/jsx-no-bind

/home/twitlin/src/crosswithfriends/frontend/src/components/Fencing/FencingCountdown.tsx
  82:14  warning  Forbidden non-null assertion  @typescript-eslint/no-non-null-assertion

/home/twitlin/src/crosswithfriends/frontend/src/components/Fencing/FencingScoreboard.tsx
  20:7   warning  JSX props should not use arrow functions  react/jsx-no-bind
  39:11  warning  Forbidden non-null assertion              @typescript-eslint/no-non-null-assertion
  78:15  warning  JSX props should not use arrow functions  react/jsx-no-bind

/home/twitlin/src/crosswithfriends/frontend/src/components/Fencing/FencingToolbar.tsx
  9:9  warning  JSX props should not use arrow functions  react/jsx-no-bind

/home/twitlin/src/crosswithfriends/frontend/src/components/Fencing/transformGameToPlayerProps.ts
  32:10  warning  Unexpected any. Specify a different type  @typescript-eslint/no-explicit-any
  33:11  warning  Unexpected any. Specify a different type  @typescript-eslint/no-explicit-any
  34:12  warning  Unexpected any. Specify a different type  @typescript-eslint/no-explicit-any
  35:15  warning  Unexpected any. Specify a different type  @typescript-eslint/no-explicit-any
  36:12  warning  Unexpected any. Specify a different type  @typescript-eslint/no-explicit-any
  37:17  warning  Unexpected any. Specify a different type  @typescript-eslint/no-explicit-any
  38:18  warning  Unexpected any. Specify a different type  @typescript-eslint/no-explicit-any
  39:12  warning  Unexpected any. Specify a different type  @typescript-eslint/no-explicit-any
  40:14  warning  Unexpected any. Specify a different type  @typescript-eslint/no-explicit-any
  41:16  warning  Unexpected any. Specify a different type  @typescript-eslint/no-explicit-any
  42:16  warning  Unexpected any. Specify a different type  @typescript-eslint/no-explicit-any
  43:11  warning  Unexpected any. Specify a different type  @typescript-eslint/no-explicit-any
  44:12  warning  Unexpected any. Specify a different type  @typescript-eslint/no-explicit-any
  45:22  warning  Unexpected any. Specify a different type  @typescript-eslint/no-explicit-any
  59:47  warning  Forbidden non-null assertion              @typescript-eslint/no-non-null-assertion
  59:82  warning  Forbidden non-null assertion              @typescript-eslint/no-non-null-assertion
  82:46  warning  Forbidden non-null assertion              @typescript-eslint/no-non-null-assertion
  89:35  warning  Forbidden non-null assertion              @typescript-eslint/no-non-null-assertion
  89:69  warning  Forbidden non-null assertion              @typescript-eslint/no-non-null-assertion

/home/twitlin/src/crosswithfriends/frontend/src/components/Fencing/useGameEvents.ts
  29:16  warning  Error: Cannot access refs during render

React refs are values that are not needed for rendering. Refs should only be accessed outside of render, such as in event handlers or effects. Accessing a ref value (the `current` property) during render can cause your component not to update as expected (https://react.dev/reference/react/useRef).

/home/twitlin/src/crosswithfriends/frontend/src/components/Fencing/useGameEvents.ts:29:16
  27 |   const [, setVersion] = useState(0);
  28 |   return {
> 29 |     gameState: historyWrapperRef.current.getSnapshot(),
     |                ^^^^^^^^^^^^^^^^^^^^^^^^^ Passing a ref to a function may read its value during render
  30 |     setEvents(events) {
  31 |       historyWrapperRef.current = makeHistoryWrappper(events);
  32 |       setVersion((version) => version + 1);              react-hooks/refs
  29:16  warning  Error: Cannot access refs during render

React refs are values that are not needed for rendering. Refs should only be accessed outside of render, such as in event handlers or effects. Accessing a ref value (the `current` property) during render can cause your component not to update as expected (https://react.dev/reference/react/useRef).

/home/twitlin/src/crosswithfriends/frontend/src/components/Fencing/useGameEvents.ts:29:16
  27 |   const [, setVersion] = useState(0);
  28 |   return {
> 29 |     gameState: historyWrapperRef.current.getSnapshot(),
     |                ^^^^^^^^^^^^^^^^^^^^^^^^^^^^^^^^^^^^^ Passing a ref to a function may read its value during render
  30 |     setEvents(events) {
  31 |       historyWrapperRef.current = makeHistoryWrappper(events);
  32 |       setVersion((version) => version + 1);  react-hooks/refs
  35:37  warning  Forbidden non-null assertion                                                                                                                                                                                                                                                                                                                                                                                                                                                                                                                                                                                                                                                                                                                                                                                                                                   @typescript-eslint/no-non-null-assertion

/home/twitlin/src/crosswithfriends/frontend/src/components/Fencing/usePlayerActions.ts
  32:18  warning  'name' is defined but never used. Allowed unused args must match /^_/u  @typescript-eslint/no-unused-vars

/home/twitlin/src/crosswithfriends/frontend/src/components/Fencing/useToolbarActions.ts
  24:17  warning  Forbidden non-null assertion  @typescript-eslint/no-non-null-assertion

/home/twitlin/src/crosswithfriends/frontend/src/components/Game/Confetti.tsx
  18:52  warning  JSX props should not use arrow functions  react/jsx-no-bind

/home/twitlin/src/crosswithfriends/frontend/src/components/Game/Game.tsx
   89:5   warning  Error: Calling setState synchronously within an effect can trigger cascading renders

Effects are intended to synchronize state between React and external systems such as manually updating the DOM, state management libraries, or other platform APIs. In general, the body of an effect should do one or both of the following:
* Update external systems with the latest state from React.
* Subscribe for updates from some external system, calling setState in a callback function when external state changes.

Calling setState synchronously within an effect body causes cascading renders that can hurt performance, and is not recommended. (https://react.dev/learn/you-might-not-need-an-effect).

/home/twitlin/src/crosswithfriends/frontend/src/components/Game/Game.tsx:89:5
  87 |       console.error('Failed to parse local storage vim mode!');
  88 |     }
> 89 |     setVimMode(vimModeValue);
     |     ^^^^^^^^^^ Avoid calling setState() directly within an effect
  90 |   }, []);
  91 |
  92 |   const handleUpdateColor = useCallback(  react-hooks/set-state-in-effect
  164:5   warning  React Hook useCallback has a missing dependency: 'props'. Either include it or remove the dependency array                                                                                                                                                                                                                                                                                                                                                                                                                                                                                                                                                                                                                                                                                                                                                                                                                                                                                                                                                                  react-hooks/exhaustive-deps
  181:57  warning  Unexpected any. Specify a different type                                                                                                                                                                                                                                                                                                                                                                                                                                                                                                                                                                                                                                                                                                                                                                                                                                                                                                                                                                                                                                    @typescript-eslint/no-explicit-any
  186:5   warning  React Hook useCallback has a missing dependency: 'props'. Either include it or remove the dependency array                                                                                                                                                                                                                                                                                                                                                                                                                                                                                                                                                                                                                                                                                                                                                                                                                                                                                                                                                                  react-hooks/exhaustive-deps
  195:5   warning  React Hook useCallback has a missing dependency: 'props'. Either include it or remove the dependency array                                                                                                                                                                                                                                                                                                                                                                                                                                                                                                                                                                                                                                                                                                                                                                                                                                                                                                                                                                  react-hooks/exhaustive-deps
  269:5   warning  React Hook useCallback has a missing dependency: 'props'. Either include it or remove the dependency array. However, 'props' will change when *any* prop changes, so the preferred fix is to destructure the 'props' object outside of the useCallback call and refer to those specific props inside useCallback                                                                                                                                                                                                                                                                                                                                                                                                                                                                                                                                                                                                                                                                                                                                                            react-hooks/exhaustive-deps
  340:6   warning  React Hook useCallback has a missing dependency: 'props'. Either include it or remove the dependency array. However, 'props' will change when *any* prop changes, so the preferred fix is to destructure the 'props' object outside of the useCallback call and refer to those specific props inside useCallback                                                                                                                                                                                                                                                                                                                                                                                                                                                                                                                                                                                                                                                                                                                                                            react-hooks/exhaustive-deps
  377:6   warning  React Hook useCallback has a missing dependency: 'props'. Either include it or remove the dependency array. However, 'props' will change when *any* prop changes, so the preferred fix is to destructure the 'props' object outside of the useCallback call and refer to those specific props inside useCallback                                                                                                                                                                                                                                                                                                                                                                                                                                                                                                                                                                                                                                                                                                                                                            react-hooks/exhaustive-deps
  379:9   warning  Unexpected dangling '_' in '_handleSelectClue'                                                                                                                                                                                                                                                                                                                                                                                                                                                                                                                                                                                                                                                                                                                                                                                                                                                                                                                                                                                                                              no-underscore-dangle
  444:5   warning  Arrow function expected no return value                                                                                                                                                                                                                                                                                                                                                                                                                                                                                                                                                                                                                                                                                                                                                                                                                                                                                                                                                                                                                                     consistent-return
  586:9   warning  Prop spreading is forbidden                                                                                                                                                                                                                                                                                                                                                                                                                                                                                                                                                                                                                                                                                                                                                                                                                                                                                                                                                                                                                                                 react/jsx-props-no-spreading
  589:6   warning  React Hook useCallback has an unnecessary dependency: 'pencilMode'. Either exclude it or remove the dependency array                                                                                                                                                                                                                                                                                                                                                                                                                                                                                                                                                                                                                                                                                                                                                                                                                                                                                                                                                        react-hooks/exhaustive-deps
  652:9   warning  JSX props should not use arrow functions                                                                                                                                                                                                                                                                                                                                                                                                                                                                                                                                                                                                                                                                                                                                                                                                                                                                                                                                                                                                                                    react/jsx-no-bind
  659:6   warning  React Hook useCallback has a missing dependency: 'props'. Either include it or remove the dependency array                                                                                                                                                                                                                                                                                                                                                                                                                                                                                                                                                                                                                                                                                                                                                                                                                                                                                                                                                                  react-hooks/exhaustive-deps

/home/twitlin/src/crosswithfriends/frontend/src/components/Game/PuzzleInfo.tsx
  101:13  warning  JSX props should not use arrow functions  react/jsx-no-bind
  108:36  warning  JSX props should not use arrow functions  react/jsx-no-bind
  114:37  warning  JSX props should not use arrow functions  react/jsx-no-bind
  150:42  warning  JSX props should not use arrow functions  react/jsx-no-bind
  158:19  warning  JSX props should not use arrow functions  react/jsx-no-bind
  165:9   warning  JSX props should not use arrow functions  react/jsx-no-bind
  168:16  warning  JSX props should not use arrow functions  react/jsx-no-bind

/home/twitlin/src/crosswithfriends/frontend/src/components/Grid/Cell.tsx
   44:18  warning  Do not use Array index in keys                                                                                                                                                                     react/no-array-index-key
   66:18  warning  Do not use Array index in keys                                                                                                                                                                     react/no-array-index-key
   85:9   warning  Visible, non-interactive elements with click handlers must have at least one keyboard listener                                                                                                     jsx-a11y/click-events-have-key-events
   85:9   warning  Avoid non-native interactive elements. If using native HTML is not possible, add an appropriate role and support for tabbing, mouse, keyboard, and touch inputs to an interactive content element  jsx-a11y/no-static-element-interactions
   87:11  warning  JSX props should not use arrow functions                                                                                                                                                           react/jsx-no-bind
  126:14  warning  Forbidden non-null assertion                                                                                                                                                                       @typescript-eslint/no-non-null-assertion
  127:15  warning  Forbidden non-null assertion                                                                                                                                                                       @typescript-eslint/no-non-null-assertion
  128:21  warning  Forbidden non-null assertion                                                                                                                                                                       @typescript-eslint/no-non-null-assertion
  181:7   warning  Visible, non-interactive elements with click handlers must have at least one keyboard listener                                                                                                     jsx-a11y/click-events-have-key-events
  181:7   warning  Avoid non-native interactive elements. If using native HTML is not possible, add an appropriate role and support for tabbing, mouse, keyboard, and touch inputs to an interactive content element  jsx-a11y/no-static-element-interactions
  188:9   warning  JSX props should not use arrow functions                                                                                                                                                           react/jsx-no-bind
  189:9   warning  JSX props should not use arrow functions                                                                                                                                                           react/jsx-no-bind
  202:5   warning  Visible, non-interactive elements with click handlers must have at least one keyboard listener                                                                                                     jsx-a11y/click-events-have-key-events
  202:5   warning  Avoid non-native interactive elements. If using native HTML is not possible, add an appropriate role and support for tabbing, mouse, keyboard, and touch inputs to an interactive content element  jsx-a11y/no-static-element-interactions
  215:7   warning  JSX props should not use arrow functions                                                                                                                                                           react/jsx-no-bind
  216:7   warning  JSX props should not use arrow functions                                                                                                                                                           react/jsx-no-bind
  259:5   warning  Unexpected console statement. Only these console methods are allowed: warn, error                                                                                                                  no-console
  267:5   warning  Unexpected console statement. Only these console methods are allowed: warn, error                                                                                                                  no-console

/home/twitlin/src/crosswithfriends/frontend/src/components/Grid/Grid.tsx
   73:7   warning  Forbidden non-null assertion                                                                                                                                                                                                                                                                          @typescript-eslint/no-non-null-assertion
   85:7   warning  Forbidden non-null assertion                                                                                                                                                                                                                                                                          @typescript-eslint/no-non-null-assertion
  171:6   warning  React Hook useMemo has a missing dependency: 'props'. Either include it or remove the dependency array. However, 'props' will change when *any* prop changes, so the preferred fix is to destructure the 'props' object outside of the useMemo call and refer to those specific props inside useMemo  react-hooks/exhaustive-deps
  223:18  warning  Do not use Array index in keys                                                                                                                                                                                                                                                                        react/no-array-index-key
  239:21  warning  Prop spreading is forbidden                                                                                                                                                                                                                                                                           react/jsx-props-no-spreading
  240:21  warning  JSX props should not use arrow functions                                                                                                                                                                                                                                                              react/jsx-no-bind
  241:21  warning  JSX props should not use arrow functions                                                                                                                                                                                                                                                              react/jsx-no-bind

/home/twitlin/src/crosswithfriends/frontend/src/components/Grid/hashGridRow.ts
  1:34  warning  Unexpected any. Specify a different type  @typescript-eslint/no-explicit-any

/home/twitlin/src/crosswithfriends/frontend/src/components/Grid/types.ts
  56:28  warning  Unexpected any. Specify a different type  @typescript-eslint/no-explicit-any

/home/twitlin/src/crosswithfriends/frontend/src/components/ListView/ListView.tsx
   53:70  warning  Forbidden non-null assertion                                                                                                                                                                                                                                                                                      @typescript-eslint/no-non-null-assertion
   84:5   warning  React Hook useCallback has a missing dependency: 'clueContainsSquare'. Either include it or remove the dependency array                                                                                                                                                                                           react-hooks/exhaustive-deps
  108:5   warning  React Hook useCallback has a missing dependency: 'props'. Either include it or remove the dependency array. However, 'props' will change when *any* prop changes, so the preferred fix is to destructure the 'props' object outside of the useCallback call and refer to those specific props inside useCallback  react-hooks/exhaustive-deps
  117:5   warning  React Hook useCallback has a missing dependency: 'props'. Either include it or remove the dependency array. However, 'props' will change when *any* prop changes, so the preferred fix is to destructure the 'props' object outside of the useCallback call and refer to those specific props inside useCallback  react-hooks/exhaustive-deps
  209:49  warning  Do not use Array index in keys                                                                                                                                                                                                                                                                                    react/no-array-index-key
  214:19  warning  Visible, non-interactive elements with click handlers must have at least one keyboard listener                                                                                                                                                                                                                    jsx-a11y/click-events-have-key-events
  214:19  warning  Avoid non-native interactive elements. If using native HTML is not possible, add an appropriate role and support for tabbing, mouse, keyboard, and touch inputs to an interactive content element                                                                                                                 jsx-a11y/no-static-element-interactions
  216:26  warning  Do not use Array index in keys                                                                                                                                                                                                                                                                                    react/no-array-index-key
  217:21  warning  JSX props should not use arrow functions                                                                                                                                                                                                                                                                          react/jsx-no-bind
  218:21  warning  JSX props should not use arrow functions                                                                                                                                                                                                                                                                          react/jsx-no-bind
  230:34  warning  Do not use Array index in keys                                                                                                                                                                                                                                                                                    react/no-array-index-key
  249:37  warning  Prop spreading is forbidden                                                                                                                                                                                                                                                                                       react/jsx-props-no-spreading
  250:37  warning  JSX props should not use arrow functions                                                                                                                                                                                                                                                                          react/jsx-no-bind

/home/twitlin/src/crosswithfriends/frontend/src/components/Player/ClueText.ts
  15:28  warning  Forbidden non-null assertion  @typescript-eslint/no-non-null-assertion
  26:18  warning  Forbidden non-null assertion  @typescript-eslint/no-non-null-assertion

/home/twitlin/src/crosswithfriends/frontend/src/components/Player/Clues.tsx
  33:7   warning  Visible, non-interactive elements with click handlers must have at least one keyboard listener                                                                                                     jsx-a11y/click-events-have-key-events
  33:7   warning  Avoid non-native interactive elements. If using native HTML is not possible, add an appropriate role and support for tabbing, mouse, keyboard, and touch inputs to an interactive content element  jsx-a11y/no-static-element-interactions
  35:9   warning  JSX props should not use arrow functions                                                                                                                                                           react/jsx-no-bind
  41:21  warning  Do not use Array index in keys                                                                                                                                                                     react/no-array-index-key
  48:21  warning  Visible, non-interactive elements with click handlers must have at least one keyboard listener                                                                                                     jsx-a11y/click-events-have-key-events
  48:21  warning  Avoid non-native interactive elements. If using native HTML is not possible, add an appropriate role and support for tabbing, mouse, keyboard, and touch inputs to an interactive content element  jsx-a11y/no-static-element-interactions
  49:28  warning  Do not use Array index in keys                                                                                                                                                                     react/no-array-index-key
  55:23  warning  JSX props should not use arrow functions                                                                                                                                                           react/jsx-no-bind
  61:23  warning  JSX props should not use arrow functions                                                                                                                                                           react/jsx-no-bind
  65:23  warning  JSX props should not use arrow functions                                                                                                                                                           react/jsx-no-bind

/home/twitlin/src/crosswithfriends/frontend/src/components/Player/ConnectionStats.tsx
  16:38  warning  Unexpected any. Specify a different type  @typescript-eslint/no-explicit-any
  17:33  warning  Unexpected any. Specify a different type  @typescript-eslint/no-explicit-any

/home/twitlin/src/crosswithfriends/frontend/src/components/Player/ConnectionStatusIndicator.tsx
  24:38  warning  Unexpected any. Specify a different type  @typescript-eslint/no-explicit-any
  25:33  warning  Unexpected any. Specify a different type  @typescript-eslint/no-explicit-any

/home/twitlin/src/crosswithfriends/frontend/src/components/Player/Editor.tsx
   35:9   warning  Unexpected any. Specify a different type                                                                                                                                                                                                                                                                                                                                                                                                                                                                                                                                                                                                                                                                                                                                                                                                                                                                                                                                                                                                                                                               @typescript-eslint/no-explicit-any
   38:12  warning  Unexpected any. Specify a different type                                                                                                                                                                                                                                                                                                                                                                                                                                                                                                                                                                                                                                                                                                                                                                                                                                                                                                                                                                                                                                                               @typescript-eslint/no-explicit-any
   64:34  warning  Unexpected any. Specify a different type                                                                                                                                                                                                                                                                                                                                                                                                                                                                                                                                                                                                                                                                                                                                                                                                                                                                                                                                                                                                                                                               @typescript-eslint/no-explicit-any
   65:26  warning  Unexpected any. Specify a different type                                                                                                                                                                                                                                                                                                                                                                                                                                                                                                                                                                                                                                                                                                                                                                                                                                                                                                                                                                                                                                                               @typescript-eslint/no-explicit-any
   78:7   warning  Error: Cannot access variable before it is declared

`focusGrid` is accessed before it is declared, which prevents the earlier access from updating when this value changes over time.

/home/twitlin/src/crosswithfriends/frontend/src/components/Player/Editor.tsx:78:7
  76 |   useImperativeHandle(ref, () => ({
  77 |     focus: () => {
> 78 |       focusGrid();
     |       ^^^^^^^^^ `focusGrid` accessed before it is declared
  79 |     },
  80 |     focusGrid,
  81 |     focusClue,

/home/twitlin/src/crosswithfriends/frontend/src/components/Player/Editor.tsx:84:3
  82 |   }));
  83 |
> 84 |   const focusGrid = useCallback(() => {
     |   ^^^^^^^^^^^^^^^^^^^^^^^^^^^^^^^^^^^^^
> 85 |     if (gridControlsRef.current) {
     | ^^^^^^^^^^^^^^^^^^^^^^^^^^^^^^^^^^
> 86 |       gridControlsRef.current.focus();
     | ^^^^^^^^^^^^^^^^^^^^^^^^^^^^^^^^^^
> 87 |     }
     | ^^^^^^^^^^^^^^^^^^^^^^^^^^^^^^^^^^
> 88 |   }, []);
     | ^^^^^^^^^^ `focusGrid` is declared here
  89 |
  90 |   const focusClue = useCallback(() => {
  91 |     if (clueRef.current) {  react-hooks/immutability
   81:5   warning  Error: Cannot access variable before it is declared

`focusClue` is accessed before it is declared, which prevents the earlier access from updating when this value changes over time.

/home/twitlin/src/crosswithfriends/frontend/src/components/Player/Editor.tsx:81:5
  79 |     },
  80 |     focusGrid,
> 81 |     focusClue,
     |     ^^^^^^^^^ `focusClue` accessed before it is declared
  82 |   }));
  83 |
  84 |   const focusGrid = useCallback(() => {

/home/twitlin/src/crosswithfriends/frontend/src/components/Player/Editor.tsx:90:3
  88 |   }, []);
  89 |
> 90 |   const focusClue = useCallback(() => {
     |   ^^^^^^^^^^^^^^^^^^^^^^^^^^^^^^^^^^^^^
> 91 |     if (clueRef.current) {
     | ^^^^^^^^^^^^^^^^^^^^^^^^^^
> 92 |       clueRef.current.focus();
     | ^^^^^^^^^^^^^^^^^^^^^^^^^^
> 93 |     }
     | ^^^^^^^^^^^^^^^^^^^^^^^^^^
> 94 |   }, []);
     | ^^^^^^^^^^ `focusClue` is declared here
  95 |
  96 |   const canSetDirection = useCallback(() => true, []);
  97 |                                                                                react-hooks/immutability
  107:5   warning  React Hook useCallback has a missing dependency: 'props'. Either include it or remove the dependency array. However, 'props' will change when *any* prop changes, so the preferred fix is to destructure the 'props' object outside of the useCallback call and refer to those specific props inside useCallback                                                                                                                                                                                                                                                                                                                                                                                                                                                                                                                                                                                                                                                                                                                                                                                       react-hooks/exhaustive-deps
  125:5   warning  React Hook useCallback has a missing dependency: 'props'. Either include it or remove the dependency array. However, 'props' will change when *any* prop changes, so the preferred fix is to destructure the 'props' object outside of the useCallback call and refer to those specific props inside useCallback                                                                                                                                                                                                                                                                                                                                                                                                                                                                                                                                                                                                                                                                                                                                                                                       react-hooks/exhaustive-deps
  131:6   warning  React Hook useCallback has a missing dependency: 'props'. Either include it or remove the dependency array. However, 'props' will change when *any* prop changes, so the preferred fix is to destructure the 'props' object outside of the useCallback call and refer to those specific props inside useCallback                                                                                                                                                                                                                                                                                                                                                                                                                                                                                                                                                                                                                                                                                                                                                                                       react-hooks/exhaustive-deps
  137:5   warning  React Hook useCallback has a missing dependency: 'props'. Either include it or remove the dependency array. However, 'props' will change when *any* prop changes, so the preferred fix is to destructure the 'props' object outside of the useCallback call and refer to those specific props inside useCallback                                                                                                                                                                                                                                                                                                                                                                                                                                                                                                                                                                                                                                                                                                                                                                                       react-hooks/exhaustive-deps
  144:5   warning  React Hook useCallback has a missing dependency: 'props'. Either include it or remove the dependency array. However, 'props' will change when *any* prop changes, so the preferred fix is to destructure the 'props' object outside of the useCallback call and refer to those specific props inside useCallback                                                                                                                                                                                                                                                                                                                                                                                                                                                                                                                                                                                                                                                                                                                                                                                       react-hooks/exhaustive-deps
  182:5   warning  React Hook useCallback has a missing dependency: 'props'. Either include it or remove the dependency array. However, 'props' will change when *any* prop changes, so the preferred fix is to destructure the 'props' object outside of the useCallback call and refer to those specific props inside useCallback                                                                                                                                                                                                                                                                                                                                                                                                                                                                                                                                                                                                                                                                                                                                                                                       react-hooks/exhaustive-deps
  199:9   warning  Unexpected dangling '_' in '_isSelected'                                                                                                                                                                                                                                                                                                                                                                                                                                                                                                                                                                                                                                                                                                                                                                                                                                                                                                                                                                                                                                                               no-underscore-dangle
  229:20  warning  Do not use Array index in keys                                                                                                                                                                                                                                                                                                                                                                                                                                                                                                                                                                                                                                                                                                                                                                                                                                                                                                                                                                                                                                                                         react/no-array-index-key
  232:17  warning  Do not nest ternary expressions                                                                                                                                                                                                                                                                                                                                                                                                                                                                                                                                                                                                                                                                                                                                                                                                                                                                                                                                                                                                                                                                        no-nested-ternary
  234:15  warning  JSX props should not use arrow functions                                                                                                                                                                                                                                                                                                                                                                                                                                                                                                                                                                                                                                                                                                                                                                                                                                                                                                                                                                                                                                                               react/jsx-no-bind
  237:15  warning  JSX props should not use arrow functions                                                                                                                                                                                                                                                                                                                                                                                                                                                                                                                                                                                                                                                                                                                                                                                                                                                                                                                                                                                                                                                               react/jsx-no-bind
  271:9   warning  JSX props should not use arrow functions                                                                                                                                                                                                                                                                                                                                                                                                                                                                                                                                                                                                                                                                                                                                                                                                                                                                                                                                                                                                                                                               react/jsx-no-bind
  274:9   warning  JSX props should not use arrow functions                                                                                                                                                                                                                                                                                                                                                                                                                                                                                                                                                                                                                                                                                                                                                                                                                                                                                                                                                                                                                                                               react/jsx-no-bind
  377:29  warning  Do not use Array index in keys                                                                                                                                                                                                                                                                                                                                                                                                                                                                                                                                                                                                                                                                                                                                                                                                                                                                                                                                                                                                                                                                         react/no-array-index-key

/home/twitlin/src/crosswithfriends/frontend/src/components/Player/GridControls.tsx
   10:9   warning  Unexpected any. Specify a different type                                                                                                                                                           @typescript-eslint/no-explicit-any
   13:10  warning  Unexpected any. Specify a different type                                                                                                                                                           @typescript-eslint/no-explicit-any
   62:13  warning  Unexpected dangling '_' in '_handleKeyDown'                                                                                                                                                        no-underscore-dangle
   66:47  warning  Unexpected any. Specify a different type                                                                                                                                                           @typescript-eslint/no-explicit-any
   66:70  warning  Unexpected any. Specify a different type                                                                                                                                                           @typescript-eslint/no-explicit-any
   70:41  warning  Unexpected any. Specify a different type                                                                                                                                                           @typescript-eslint/no-explicit-any
   70:63  warning  Unexpected any. Specify a different type                                                                                                                                                           @typescript-eslint/no-explicit-any
   94:5   warning  Avoid non-native interactive elements. If using native HTML is not possible, add an appropriate role and support for tabbing, mouse, keyboard, and touch inputs to an interactive content element  jsx-a11y/no-static-element-interactions
   96:7   warning  `tabIndex` should only be declared on interactive elements                                                                                                                                         jsx-a11y/no-noninteractive-tabindex
   96:7   warning  Avoid positive integer values for tabIndex                                                                                                                                                         jsx-a11y/tabindex-no-positive
   98:35  warning  Unexpected any. Specify a different type                                                                                                                                                           @typescript-eslint/no-explicit-any
   99:7   warning  Prop spreading is forbidden                                                                                                                                                                        react/jsx-props-no-spreading
  102:55  warning  Prop spreading is forbidden                                                                                                                                                                        react/jsx-props-no-spreading

/home/twitlin/src/crosswithfriends/frontend/src/components/Player/ListViewControls.tsx
   19:41  warning  Expected to return a value at the end of arrow function                                                                                                                                                                                                                                                           consistent-return
   27:6   warning  React Hook useCallback has a missing dependency: 'props'. Either include it or remove the dependency array. However, 'props' will change when *any* prop changes, so the preferred fix is to destructure the 'props' object outside of the useCallback call and refer to those specific props inside useCallback  react-hooks/exhaustive-deps
   29:45  warning  Expected to return a value at the end of arrow function                                                                                                                                                                                                                                                           consistent-return
   37:6   warning  React Hook useCallback has a missing dependency: 'props'. Either include it or remove the dependency array. However, 'props' will change when *any* prop changes, so the preferred fix is to destructure the 'props' object outside of the useCallback call and refer to those specific props inside useCallback  react-hooks/exhaustive-deps
   44:18  warning  Unexpected any. Specify a different type                                                                                                                                                                                                                                                                          @typescript-eslint/no-explicit-any
   60:5   warning  React Hook useCallback has a missing dependency: 'props'. Either include it or remove the dependency array. However, 'props' will change when *any* prop changes, so the preferred fix is to destructure the 'props' object outside of the useCallback call and refer to those specific props inside useCallback  react-hooks/exhaustive-deps
   70:6   warning  React Hook useCallback has a missing dependency: 'props'. Either include it or remove the dependency array. However, 'props' will change when *any* prop changes, so the preferred fix is to destructure the 'props' object outside of the useCallback call and refer to those specific props inside useCallback  react-hooks/exhaustive-deps
  100:24  warning  Prop spreading is forbidden                                                                                                                                                                                                                                                                                       react/jsx-props-no-spreading

/home/twitlin/src/crosswithfriends/frontend/src/components/Player/MobileGridControls.tsx
   24:6   warning  React Hook useEffect has a missing dependency: 'effect'. Either include it or remove the dependency array. If 'effect' changes too often, find the parent component that defines it and wrap that definition in useCallback                                                                                                                                                                                                                                                                                                                                                                                                                                                                                                                                                                                                                                                                                                                                                                                                                                                                                                                                                                                                                                                                                                                                                                            react-hooks/exhaustive-deps
   43:42  warning  Unexpected any. Specify a different type                                                                                                                                                                                                                                                                                                                                                                                                                                                                                                                                                                                                                                                                                                                                                                                                                                                                                                                                                                                                                                                                                                                                                                                                                                                                                                                                                               @typescript-eslint/no-explicit-any
   57:39  warning  Unexpected any. Specify a different type                                                                                                                                                                                                                                                                                                                                                                                                                                                                                                                                                                                                                                                                                                                                                                                                                                                                                                                                                                                                                                                                                                                                                                                                                                                                                                                                                               @typescript-eslint/no-explicit-any
  150:9   warning  Error: Cannot access variable before it is declared

`keepFocus` is accessed before it is declared, which prevents the earlier access from updating when this value changes over time.

/home/twitlin/src/crosswithfriends/frontend/src/components/Player/MobileGridControls.tsx:150:9
  148 |       if (touchTravelDist <= countAsTapBuffer) {
  149 |         flipDirection();
> 150 |         keepFocus();
      |         ^^^^^^^^^ `keepFocus` accessed before it is declared
  151 |       }
  152 |     },
  153 |     [flipDirection]

/home/twitlin/src/crosswithfriends/frontend/src/components/Player/MobileGridControls.tsx:339:3
  337 |   }));
  338 |
> 339 |   const keepFocus = useCallback(() => {
      |   ^^^^^^^^^^^^^^^^^^^^^^^^^^^^^^^^^^^^^
> 340 |     if (!wasUnfocused.current || wasUnfocused.current >= Date.now() - 500) {
      | ^^^^^^^^^^^^^^^^^^^^^^^^^^^^^^^^^^^^^^^^^^^^^^^^^^^^^^^^^^^^^^^^^^^^^^^^^^^^
> 341 |       focusKeyboard();
      | ^^^^^^^^^^^^^^^^^^^^^^^^^^^^^^^^^^^^^^^^^^^^^^^^^^^^^^^^^^^^^^^^^^^^^^^^^^^^
> 342 |     }
      | ^^^^^^^^^^^^^^^^^^^^^^^^^^^^^^^^^^^^^^^^^^^^^^^^^^^^^^^^^^^^^^^^^^^^^^^^^^^^
> 343 |   }, [focusKeyboard]);
      | ^^^^^^^^^^^^^^^^^^^^^^^ `keepFocus` is declared here
  344 |
  345 |   const handleInputFocus = useCallback(
  346 |     (e: React.FocusEvent<HTMLTextAreaElement>) => {                  react-hooks/immutability
  153:5   warning  React Hook useCallback has a missing dependency: 'keepFocus'. Either include it or remove the dependency array                                                                                                                                                                                                                                                                                                                                                                                                                                                                                                                                                                                                                                                                                                                                                                                                                                                                                                                                                                                                                                                                                                                                                                                                                                                                                         react-hooks/exhaustive-deps
  162:7   warning  'anchors' is already declared in the upper scope on line 43 column 10                                                                                                                                                                                                                                                                                                                                                                                                                                                                                                                                                                                                                                                                                                                                                                                                                                                                                                                                                                                                                                                                                                                                                                                                                                                                                                                                  @typescript-eslint/no-shadow
  162:16  warning  Unexpected any. Specify a different type                                                                                                                                                                                                                                                                                                                                                                                                                                                                                                                                                                                                                                                                                                                                                                                                                                                                                                                                                                                                                                                                                                                                                                                                                                                                                                                                                               @typescript-eslint/no-explicit-any
  169:45  warning  Unexpected any. Specify a different type                                                                                                                                                                                                                                                                                                                                                                                                                                                                                                                                                                                                                                                                                                                                                                                                                                                                                                                                                                                                                                                                                                                                                                                                                                                                                                                                                               @typescript-eslint/no-explicit-any
  169:58  warning  Unexpected any. Specify a different type                                                                                                                                                                                                                                                                                                                                                                                                                                                                                                                                                                                                                                                                                                                                                                                                                                                                                                                                                                                                                                                                                                                                                                                                                                                                                                                                                               @typescript-eslint/no-explicit-any
  210:7   warning  Arrow function expected no return value                                                                                                                                                                                                                                                                                                                                                                                                                                                                                                                                                                                                                                                                                                                                                                                                                                                                                                                                                                                                                                                                                                                                                                                                                                                                                                                                                                consistent-return
  260:5   warning  React Hook useCallback has a missing dependency: 'props'. Either include it or remove the dependency array. However, 'props' will change when *any* prop changes, so the preferred fix is to destructure the 'props' object outside of the useCallback call and refer to those specific props inside useCallback                                                                                                                                                                                                                                                                                                                                                                                                                                                                                                                                                                                                                                                                                                                                                                                                                                                                                                                                                                                                                                                                                       react-hooks/exhaustive-deps
  289:46  warning  Error: Cannot access variable before it is declared

`focusKeyboard` is accessed before it is declared, which prevents the earlier access from updating when this value changes over time.

/home/twitlin/src/crosswithfriends/frontend/src/components/Player/MobileGridControls.tsx:289:46
  287 |       handleTouchMove(e);
  288 |     },
> 289 |     [anchors.length, props, handleTouchMove, focusKeyboard]
      |                                              ^^^^^^^^^^^^^ `focusKeyboard` accessed before it is declared
  290 |   );
  291 |
  292 |   const handleRightArrowTouchEnd = useCallback(

/home/twitlin/src/crosswithfriends/frontend/src/components/Player/MobileGridControls.tsx:328:3
  326 |   }, [getSelectedClueNumber, props.direction]);
  327 |
> 328 |   const focusKeyboard = useCallback(() => {
      |   ^^^^^^^^^^^^^^^^^^^^^^^^^^^^^^^^^^^^^^^^^
> 329 |     if (inputRef.current) {
      | ^^^^^^^^^^^^^^^^^^^^^^^^^^^
> 330 |       inputRef.current.selectionStart = inputRef.current.selectionEnd = inputRef.current.value.length;
      | ^^^^^^^^^^^^^^^^^^^^^^^^^^^
> 331 |       inputRef.current.focus();
      | ^^^^^^^^^^^^^^^^^^^^^^^^^^^
> 332 |     }
      | ^^^^^^^^^^^^^^^^^^^^^^^^^^^
> 333 |   }, []);
      | ^^^^^^^^^^ `focusKeyboard` is declared here
  334 |
  335 |   useImperativeHandle(ref, () => ({
  336 |     focusKeyboard,  react-hooks/immutability
  298:5   warning  React Hook useCallback has a missing dependency: 'keepFocus'. Either include it or remove the dependency array                                                                                                                                                                                                                                                                                                                                                                                                                                                                                                                                                                                                                                                                                                                                                                                                                                                                                                                                                                                                                                                                                                                                                                                                                                                                                         react-hooks/exhaustive-deps
  307:5   warning  React Hook useCallback has a missing dependency: 'keepFocus'. Either include it or remove the dependency array                                                                                                                                                                                                                                                                                                                                                                                                                                                                                                                                                                                                                                                                                                                                                                                                                                                                                                                                                                                                                                                                                                                                                                                                                                                                                         react-hooks/exhaustive-deps
  409:5   warning  React Hook useCallback has a missing dependency: 'props'. Either include it or remove the dependency array. However, 'props' will change when *any* prop changes, so the preferred fix is to destructure the 'props' object outside of the useCallback call and refer to those specific props inside useCallback                                                                                                                                                                                                                                                                                                                                                                                                                                                                                                                                                                                                                                                                                                                                                                                                                                                                                                                                                                                                                                                                                       react-hooks/exhaustive-deps
  419:60  warning  Unexpected any. Specify a different type                                                                                                                                                                                                                                                                                                                                                                                                                                                                                                                                                                                                                                                                                                                                                                                                                                                                                                                                                                                                                                                                                                                                                                                                                                                                                                                                                               @typescript-eslint/no-explicit-any
  420:58  warning  Unexpected any. Specify a different type                                                                                                                                                                                                                                                                                                                                                                                                                                                                                                                                                                                                                                                                                                                                                                                                                                                                                                                                                                                                                                                                                                                                                                                                                                                                                                                                                               @typescript-eslint/no-explicit-any
  421:56  warning  Unexpected any. Specify a different type                                                                                                                                                                                                                                                                                                                                                                                                                                                                                                                                                                                                                                                                                                                                                                                                                                                                                                                                                                                                                                                                                                                                                                                                                                                                                                                                                               @typescript-eslint/no-explicit-any
  460:67  warning  Unexpected any. Specify a different type                                                                                                                                                                                                                                                                                                                                                                                                                                                                                                                                                                                                                                                                                                                                                                                                                                                                                                                                                                                                                                                                                                                                                                                                                                                                                                                                                               @typescript-eslint/no-explicit-any
  469:67  warning  Unexpected any. Specify a different type                                                                                                                                                                                                                                                                                                                                                                                                                                                                                                                                                                                                                                                                                                                                                                                                                                                                                                                                                                                                                                                                                                                                                                                                                                                                                                                                                               @typescript-eslint/no-explicit-any
  470:63  warning  Unexpected any. Specify a different type                                                                                                                                                                                                                                                                                                                                                                                                                                                                                                                                                                                                                                                                                                                                                                                                                                                                                                                                                                                                                                                                                                                                                                                                                                                                                                                                                               @typescript-eslint/no-explicit-any
  478:68  warning  Unexpected any. Specify a different type                                                                                                                                                                                                                                                                                                                                                                                                                                                                                                                                                                                                                                                                                                                                                                                                                                                                                                                                                                                                                                                                                                                                                                                                                                                                                                                                                               @typescript-eslint/no-explicit-any
  490:9   warning  Visible, non-interactive elements with click handlers must have at least one keyboard listener                                                                                                                                                                                                                                                                                                                                                                                                                                                                                                                                                                                                                                                                                                                                                                                                                                                                                                                                                                                                                                                                                                                                                                                                                                                                                                         jsx-a11y/click-events-have-key-events
  490:9   warning  Avoid non-native interactive elements. If using native HTML is not possible, add an appropriate role and support for tabbing, mouse, keyboard, and touch inputs to an interactive content element                                                                                                                                                                                                                                                                                                                                                                                                                                                                                                                                                                                                                                                                                                                                                                                                                                                                                                                                                                                                                                                                                                                                                                                                      jsx-a11y/no-static-element-interactions
  540:30  warning  Prop spreading is forbidden                                                                                                                                                                                                                                                                                                                                                                                                                                                                                                                                                                                                                                                                                                                                                                                                                                                                                                                                                                                                                                                                                                                                                                                                                                                                                                                                                                            react/jsx-props-no-spreading
  541:45  warning  Prop spreading is forbidden                                                                                                                                                                                                                                                                                                                                                                                                                                                                                                                                                                                                                                                                                                                                                                                                                                                                                                                                                                                                                                                                                                                                                                                                                                                                                                                                                                            react/jsx-props-no-spreading
  542:30  warning  Prop spreading is forbidden                                                                                                                                                                                                                                                                                                                                                                                                                                                                                                                                                                                                                                                                                                                                                                                                                                                                                                                                                                                                                                                                                                                                                                                                                                                                                                                                                                            react/jsx-props-no-spreading
  548:25  warning  Prop spreading is forbidden                                                                                                                                                                                                                                                                                                                                                                                                                                                                                                                                                                                                                                                                                                                                                                                                                                                                                                                                                                                                                                                                                                                                                                                                                                                                                                                                                                            react/jsx-props-no-spreading
  549:42  warning  Unexpected any. Specify a different type                                                                                                                                                                                                                                                                                                                                                                                                                                                                                                                                                                                                                                                                                                                                                                                                                                                                                                                                                                                                                                                                                                                                                                                                                                                                                                                                                               @typescript-eslint/no-explicit-any
  549:47  warning  Prop spreading is forbidden                                                                                                                                                                                                                                                                                                                                                                                                                                                                                                                                                                                                                                                                                                                                                                                                                                                                                                                                                                                                                                                                                                                                                                                                                                                                                                                                                                            react/jsx-props-no-spreading
  549:87  warning  Unexpected any. Specify a different type                                                                                                                                                                                                                                                                                                                                                                                                                                                                                                                                                                                                                                                                                                                                                                                                                                                                                                                                                                                                                                                                                                                                                                                                                                                                                                                                                               @typescript-eslint/no-explicit-any
  550:25  warning  Prop spreading is forbidden                                                                                                                                                                                                                                                                                                                                                                                                                                                                                                                                                                                                                                                                                                                                                                                                                                                                                                                                                                                                                                                                                                                                                                                                                                                                                                                                                                            react/jsx-props-no-spreading

/home/twitlin/src/crosswithfriends/frontend/src/components/Player/MobileKeyboard.tsx
  29:3  warning  Unexpected console statement. Only these console methods are allowed: warn, error  no-console

/home/twitlin/src/crosswithfriends/frontend/src/components/Player/MobileListViewControls.tsx
   26:43  warning  Expected to return a value at the end of arrow function                                                                                                                                                                                                                                                           consistent-return
   34:8   warning  React Hook useCallback has a missing dependency: 'props'. Either include it or remove the dependency array. However, 'props' will change when *any* prop changes, so the preferred fix is to destructure the 'props' object outside of the useCallback call and refer to those specific props inside useCallback  react-hooks/exhaustive-deps
   36:47  warning  Expected to return a value at the end of arrow function                                                                                                                                                                                                                                                           consistent-return
   44:8   warning  React Hook useCallback has a missing dependency: 'props'. Either include it or remove the dependency array. However, 'props' will change when *any* prop changes, so the preferred fix is to destructure the 'props' object outside of the useCallback call and refer to those specific props inside useCallback  react-hooks/exhaustive-deps
   51:20  warning  Unexpected any. Specify a different type                                                                                                                                                                                                                                                                          @typescript-eslint/no-explicit-any
   67:7   warning  React Hook useCallback has a missing dependency: 'props'. Either include it or remove the dependency array. However, 'props' will change when *any* prop changes, so the preferred fix is to destructure the 'props' object outside of the useCallback call and refer to those specific props inside useCallback  react-hooks/exhaustive-deps
   77:8   warning  React Hook useCallback has a missing dependency: 'props'. Either include it or remove the dependency array. However, 'props' will change when *any* prop changes, so the preferred fix is to destructure the 'props' object outside of the useCallback call and refer to those specific props inside useCallback  react-hooks/exhaustive-deps
  107:42  warning  Prop spreading is forbidden                                                                                                                                                                                                                                                                                       react/jsx-props-no-spreading

/home/twitlin/src/crosswithfriends/frontend/src/components/Player/Player.tsx
   37:9   warning  Unexpected any. Specify a different type                                                                                                                                                                                                                                                                                                                                                                                                                                                                                                                                                                                                                                                                                                                                                                                                                                                                                                                                                                                                                                                                                                                                                                                                                       @typescript-eslint/no-explicit-any
   54:13  warning  Unexpected any. Specify a different type                                                                                                                                                                                                                                                                                                                                                                                                                                                                                                                                                                                                                                                                                                                                                                                                                                                                                                                                                                                                                                                                                                                                                                                                                       @typescript-eslint/no-explicit-any
   55:12  warning  Unexpected any. Specify a different type                                                                                                                                                                                                                                                                                                                                                                                                                                                                                                                                                                                                                                                                                                                                                                                                                                                                                                                                                                                                                                                                                                                                                                                                                       @typescript-eslint/no-explicit-any
   56:13  warning  Unexpected any. Specify a different type                                                                                                                                                                                                                                                                                                                                                                                                                                                                                                                                                                                                                                                                                                                                                                                                                                                                                                                                                                                                                                                                                                                                                                                                                       @typescript-eslint/no-explicit-any
   57:11  warning  Unexpected any. Specify a different type                                                                                                                                                                                                                                                                                                                                                                                                                                                                                                                                                                                                                                                                                                                                                                                                                                                                                                                                                                                                                                                                                                                                                                                                                       @typescript-eslint/no-explicit-any
   62:13  warning  Unexpected any. Specify a different type                                                                                                                                                                                                                                                                                                                                                                                                                                                                                                                                                                                                                                                                                                                                                                                                                                                                                                                                                                                                                                                                                                                                                                                                                       @typescript-eslint/no-explicit-any
   64:28  warning  Unexpected any. Specify a different type                                                                                                                                                                                                                                                                                                                                                                                                                                                                                                                                                                                                                                                                                                                                                                                                                                                                                                                                                                                                                                                                                                                                                                                                                       @typescript-eslint/no-explicit-any
   68:18  warning  Unexpected any. Specify a different type                                                                                                                                                                                                                                                                                                                                                                                                                                                                                                                                                                                                                                                                                                                                                                                                                                                                                                                                                                                                                                                                                                                                                                                                                       @typescript-eslint/no-explicit-any
  115:34  warning  Unexpected any. Specify a different type                                                                                                                                                                                                                                                                                                                                                                                                                                                                                                                                                                                                                                                                                                                                                                                                                                                                                                                                                                                                                                                                                                                                                                                                                       @typescript-eslint/no-explicit-any
  116:26  warning  Unexpected any. Specify a different type                                                                                                                                                                                                                                                                                                                                                                                                                                                                                                                                                                                                                                                                                                                                                                                                                                                                                                                                                                                                                                                                                                                                                                                                                       @typescript-eslint/no-explicit-any
  204:9   warning  Error: Cannot access variable before it is declared

`setSelected` is accessed before it is declared, which prevents the earlier access from updating when this value changes over time.

/home/twitlin/src/crosswithfriends/frontend/src/components/Player/Player.tsx:204:9
  202 |       },
  203 |       setSelected: (sel: {r: number; c: number}) => {
> 204 |         setSelected(sel);
      |         ^^^^^^^^^^^ `setSelected` accessed before it is declared
  205 |       },
  206 |     }),
  207 |     [gridObj, selectedAdjusted, direction]

/home/twitlin/src/crosswithfriends/frontend/src/components/Player/Player.tsx:284:3
  282 |   );
  283 |
> 284 |   const setSelected = useCallback(
      |   ^^^^^^^^^^^^^^^^^^^^^^^^^^^^^^^^
> 285 |     (sel: {r: number; c: number}) => {
      | ^^^^^^^^^^^^^^^^^^^^^^^^^^^^^^^^^^^^^^
> 286 |       if (cursorLockedRef.current) return;
      …
      | ^^^^^^^^^^^^^^^^^^^^^^^^^^^^^^^^^^^^^^
> 314 |     [gridObj, isValidDirection, direction, selectedAdjusted, props.updateCursor]
      | ^^^^^^^^^^^^^^^^^^^^^^^^^^^^^^^^^^^^^^
> 315 |   );
      | ^^^^^ `setSelected` is declared here
  316 |
  317 |   const handlePing = useCallback(
  318 |     (r: number, c: number) => {  react-hooks/immutability
  207:5   warning  React Hook useImperativeHandle has a missing dependency: 'setSelected'. Either include it or remove the dependency array                                                                                                                                                                                                                                                                                                                                                                                                                                                                                                                                                                                                                                                                                                                                                                                                                                                                                                                                                                                                                                                                                                                                       react-hooks/exhaustive-deps
  236:5   warning  Arrow function expected no return value                                                                                                                                                                                                                                                                                                                                                                                                                                                                                                                                                                                                                                                                                                                                                                                                                                                                                                                                                                                                                                                                                                                                                                                                                        consistent-return
  252:6   warning  React Hook useEffect has missing dependencies: 'selected.c' and 'selected.r'. Either include them or remove the dependency array                                                                                                                                                                                                                                                                                                                                                                                                                                                                                                                                                                                                                                                                                                                                                                                                                                                                                                                                                                                                                                                                                                                               react-hooks/exhaustive-deps
  314:5   warning  React Hook useCallback has a missing dependency: 'props'. Either include it or remove the dependency array. However, 'props' will change when *any* prop changes, so the preferred fix is to destructure the 'props' object outside of the useCallback call and refer to those specific props inside useCallback                                                                                                                                                                                                                                                                                                                                                                                                                                                                                                                                                                                                                                                                                                                                                                                                                                                                                                                                               react-hooks/exhaustive-deps
  323:5   warning  React Hook useCallback has a missing dependency: 'props'. Either include it or remove the dependency array. However, 'props' will change when *any* prop changes, so the preferred fix is to destructure the 'props' object outside of the useCallback call and refer to those specific props inside useCallback                                                                                                                                                                                                                                                                                                                                                                                                                                                                                                                                                                                                                                                                                                                                                                                                                                                                                                                                               react-hooks/exhaustive-deps
  417:26  warning  Unexpected any. Specify a different type                                                                                                                                                                                                                                                                                                                                                                                                                                                                                                                                                                                                                                                                                                                                                                                                                                                                                                                                                                                                                                                                                                                                                                                                                       @typescript-eslint/no-explicit-any
  599:41  warning  Prop spreading is forbidden                                                                                                                                                                                                                                                                                                                                                                                                                                                                                                                                                                                                                                                                                                                                                                                                                                                                                                                                                                                                                                                                                                                                                                                                                                    react/jsx-props-no-spreading
  629:35  warning  Prop spreading is forbidden                                                                                                                                                                                                                                                                                                                                                                                                                                                                                                                                                                                                                                                                                                                                                                                                                                                                                                                                                                                                                                                                                                                                                                                                                                    react/jsx-props-no-spreading
  670:39  warning  Prop spreading is forbidden                                                                                                                                                                                                                                                                                                                                                                                                                                                                                                                                                                                                                                                                                                                                                                                                                                                                                                                                                                                                                                                                                                                                                                                                                                    react/jsx-props-no-spreading
  715:35  warning  Prop spreading is forbidden                                                                                                                                                                                                                                                                                                                                                                                                                                                                                                                                                                                                                                                                                                                                                                                                                                                                                                                                                                                                                                                                                                                                                                                                                                    react/jsx-props-no-spreading
  743:20  warning  Prop spreading is forbidden                                                                                                                                                                                                                                                                                                                                                                                                                                                                                                                                                                                                                                                                                                                                                                                                                                                                                                                                                                                                                                                                                                                                                                                                                                    react/jsx-props-no-spreading

/home/twitlin/src/crosswithfriends/frontend/src/components/Player/VimCommandBar.tsx
  52:11  warning  JSX props should not use arrow functions  react/jsx-no-bind
  53:11  warning  JSX props should not use arrow functions  react/jsx-no-bind
  55:11  warning  JSX props should not use arrow functions  react/jsx-no-bind

/home/twitlin/src/crosswithfriends/frontend/src/components/Player/useGridControls.ts
    7:5   warning  Assignment to function parameter 'cap'                                                                                                                                                                                                                                                                            no-param-reassign
   12:9   warning  Unexpected any. Specify a different type                                                                                                                                                                                                                                                                          @typescript-eslint/no-explicit-any
   15:10  warning  Unexpected any. Specify a different type                                                                                                                                                                                                                                                                          @typescript-eslint/no-explicit-any
  129:5   warning  React Hook useCallback has a missing dependency: 'props'. Either include it or remove the dependency array. However, 'props' will change when *any* prop changes, so the preferred fix is to destructure the 'props' object outside of the useCallback call and refer to those specific props inside useCallback  react-hooks/exhaustive-deps
  136:5   warning  React Hook useCallback has a missing dependency: 'props'. Either include it or remove the dependency array. However, 'props' will change when *any* prop changes, so the preferred fix is to destructure the 'props' object outside of the useCallback call and refer to those specific props inside useCallback  react-hooks/exhaustive-deps
  232:6   warning  React Hook useCallback has a missing dependency: 'props'. Either include it or remove the dependency array. However, 'props' will change when *any* prop changes, so the preferred fix is to destructure the 'props' object outside of the useCallback call and refer to those specific props inside useCallback  react-hooks/exhaustive-deps
  248:5   warning  React Hook useCallback has a missing dependency: 'props'. Either include it or remove the dependency array. However, 'props' will change when *any* prop changes, so the preferred fix is to destructure the 'props' object outside of the useCallback call and refer to those specific props inside useCallback  react-hooks/exhaustive-deps
  252:39  warning  Expected to return a value at the end of arrow function                                                                                                                                                                                                                                                           consistent-return
  308:6   warning  React Hook useCallback has a missing dependency: 'props'. Either include it or remove the dependency array. However, 'props' will change when *any* prop changes, so the preferred fix is to destructure the 'props' object outside of the useCallback call and refer to those specific props inside useCallback  react-hooks/exhaustive-deps
  319:5   warning  React Hook useCallback has a missing dependency: 'props'. Either include it or remove the dependency array. However, 'props' will change when *any* prop changes, so the preferred fix is to destructure the 'props' object outside of the useCallback call and refer to those specific props inside useCallback  react-hooks/exhaustive-deps
  324:27  warning  Assignment to function parameter 'isRebus'                                                                                                                                                                                                                                                                        no-param-reassign
  332:5   warning  React Hook useCallback has a missing dependency: 'props'. Either include it or remove the dependency array. However, 'props' will change when *any* prop changes, so the preferred fix is to destructure the 'props' object outside of the useCallback call and refer to those specific props inside useCallback  react-hooks/exhaustive-deps
  342:9   warning  Arrow function expected no return value                                                                                                                                                                                                                                                                           consistent-return
  360:5   warning  React Hook useCallback has a missing dependency: 'props'. Either include it or remove the dependency array. However, 'props' will change when *any* prop changes, so the preferred fix is to destructure the 'props' object outside of the useCallback call and refer to those specific props inside useCallback  react-hooks/exhaustive-deps
  379:7   warning  Assignment to function parameter 'key'                                                                                                                                                                                                                                                                            no-param-reassign
  492:5   warning  React Hook useCallback has a missing dependency: 'props'. Either include it or remove the dependency array. However, 'props' will change when *any* prop changes, so the preferred fix is to destructure the 'props' object outside of the useCallback call and refer to those specific props inside useCallback  react-hooks/exhaustive-deps
  573:5   warning  React Hook useCallback has a missing dependency: 'props'. Either include it or remove the dependency array. However, 'props' will change when *any* prop changes, so the preferred fix is to destructure the 'props' object outside of the useCallback call and refer to those specific props inside useCallback  react-hooks/exhaustive-deps

/home/twitlin/src/crosswithfriends/frontend/src/components/PuzzleList/Entry.tsx
  18:20  warning  Unexpected any. Specify a different type  @typescript-eslint/no-explicit-any
  53:51  warning  JSX props should not use arrow functions  react/jsx-no-bind
  53:73  warning  JSX props should not use arrow functions  react/jsx-no-bind

/home/twitlin/src/crosswithfriends/frontend/src/components/PuzzleList/NewPuzzleList.tsx
  142:6   warning  React Hook useCallback has a missing dependency: 'props'. Either include it or remove the dependency array. However, 'props' will change when *any* prop changes, so the preferred fix is to destructure the 'props' object outside of the useCallback call and refer to those specific props inside useCallback  react-hooks/exhaustive-deps
  204:18  warning  Prop spreading is forbidden                                                                                                                                                                                                                                                                                       react/jsx-props-no-spreading
  209:41  warning  '_' is already declared in the upper scope on line 3 column 8                                                                                                                                                                                                                                                     @typescript-eslint/no-shadow
  210:23  warning  Do not use Array index in keys                                                                                                                                                                                                                                                                                    react/no-array-index-key

/home/twitlin/src/crosswithfriends/frontend/src/components/PuzzleList/PuzzleList.tsx
   8:16  warning  Unexpected any. Specify a different type  @typescript-eslint/no-explicit-any
  10:16  warning  Unexpected any. Specify a different type  @typescript-eslint/no-explicit-any
  12:18  warning  Unexpected any. Specify a different type  @typescript-eslint/no-explicit-any
  13:21  warning  Unexpected any. Specify a different type  @typescript-eslint/no-explicit-any

/home/twitlin/src/crosswithfriends/frontend/src/components/RerenderBoundary.tsx
   8:5   warning  Error: Cannot access refs during render

React refs are values that are not needed for rendering. Refs should only be accessed outside of render, such as in event handlers or effects. Accessing a ref value (the `current` property) during render can cause your component not to update as expected (https://react.dev/reference/react/useRef).

/home/twitlin/src/crosswithfriends/frontend/src/components/RerenderBoundary.tsx:8:5
   6 |   const prevHash = usePrevious(props.hash);
   7 |   if (prevHash !== props.hash) {
>  8 |     prevChildren.current = props.children;
     |     ^^^^^^^^^^^^^^^^^^^^ Cannot update ref during render
   9 |     console.debug('rerendering', props.name);
  10 |   }
  11 |  react-hooks/refs
   9:5   warning  Unexpected console statement. Only these console methods are allowed: warn, error                                                                                                                                                                                                                                                                                                                                                                                                                                                                                                                                                                                                                                             no-console
  12:10  warning  Error: Cannot access refs during render

React refs are values that are not needed for rendering. Refs should only be accessed outside of render, such as in event handlers or effects. Accessing a ref value (the `current` property) during render can cause your component not to update as expected (https://react.dev/reference/react/useRef).

/home/twitlin/src/crosswithfriends/frontend/src/components/RerenderBoundary.tsx:12:10
  10 |   }
  11 |
> 12 |   return prevChildren.current;
     |          ^^^^^^^^^^^^^^^^^^^^ Cannot access ref value during render
  13 | };
  14 |
  15 | export default RerenderBoundary;                                                                                        react-hooks/refs

/home/twitlin/src/crosswithfriends/frontend/src/components/Timeline/Timeline.tsx
   32:63  warning  Unexpected any. Specify a different type                                                                                                                                                                                                                                                                                                                                                                                                                                                                                                                     @typescript-eslint/no-explicit-any
   36:14  warning  Do not use Array index in keys                                                                                                                                                                                                                                                                                                                                                                                                                                                                                                                               react/no-array-index-key
   92:9   warning  Error: This value cannot be modified

Modifying component props or hook arguments is not allowed. Consider using a local variable instead.

/home/twitlin/src/crosswithfriends/frontend/src/components/Timeline/Timeline.tsx:92:9
  90 |         let scrollLeft = scrollContainer.scrollLeft;
  91 |         scrollLeft = Math.max(lo, Math.min(hi, scrollLeft));
> 92 |         scrollContainer.scrollLeft = scrollLeft;
     |         ^^^^^^^^^^^^^^^ `scrollContainer` cannot be modified
  93 |       }, 50),
  94 |     [scrollContainer]
  95 |   );  react-hooks/immutability
  159:5   warning  Avoid non-native interactive elements. If using native HTML is not possible, add an appropriate role and support for tabbing, mouse, keyboard, and touch inputs to an interactive content element                                                                                                                                                                                                                                                                                                                                                            jsx-a11y/no-static-element-interactions
  169:7   warning  onMouseOut must be accompanied by onBlur for accessibility                                                                                                                                                                                                                                                                                                                                                                                                                                                                                                   jsx-a11y/mouse-events-have-key-events

/home/twitlin/src/crosswithfriends/frontend/src/components/Toolbar/ActionMenu.tsx
  68:9   warning  JSX props should not use arrow functions                                                                                                                                                           react/jsx-no-bind
  77:11  warning  Visible, non-interactive elements with click handlers must have at least one keyboard listener                                                                                                     jsx-a11y/click-events-have-key-events
  77:11  warning  Avoid non-native interactive elements. If using native HTML is not possible, add an appropriate role and support for tabbing, mouse, keyboard, and touch inputs to an interactive content element  jsx-a11y/no-static-element-interactions
  78:18  warning  Do not use Array index in keys                                                                                                                                                                     react/no-array-index-key
  81:13  warning  JSX props should not use arrow functions                                                                                                                                                           react/jsx-no-bind
  84:13  warning  JSX props should not use arrow functions                                                                                                                                                           react/jsx-no-bind
  89:13  warning  JSX props should not use arrow functions                                                                                                                                                           react/jsx-no-bind
  94:13  warning  JSX props should not use arrow functions                                                                                                                                                           react/jsx-no-bind

/home/twitlin/src/crosswithfriends/frontend/src/components/Toolbar/Clock.tsx
   73:5  warning  Arrow function expected no return value                                                                                                                                                                                                                                                                                                                                                                                                                                                                                                                                                                                                                                                                                                                                                                                                                                                                                                                                                                                                                                         consistent-return
  131:5  warning  Error: Calling setState synchronously within an effect can trigger cascading renders

Effects are intended to synchronize state between React and external systems such as manually updating the DOM, state management libraries, or other platform APIs. In general, the body of an effect should do one or both of the following:
* Update external systems with the latest state from React.
* Subscribe for updates from some external system, calling setState in a callback function when external state changes.

Calling setState synchronously within an effect body causes cascading renders that can hurt performance, and is not recommended. (https://react.dev/learn/you-might-not-need-an-effect).

/home/twitlin/src/crosswithfriends/frontend/src/components/Toolbar/Clock.tsx:131:5
  129 |
  130 |   useEffect(() => {
> 131 |     updateClock();
      |     ^^^^^^^^^^^ Avoid calling setState() directly within an effect
  132 |     const interval = setInterval(updateClock, 1000);
  133 |     return () => {
  134 |       clearInterval(interval);  react-hooks/set-state-in-effect
  153:5  warning  Visible, non-interactive elements with click handlers must have at least one keyboard listener                                                                                                                                                                                                                                                                                                                                                                                                                                                                                                                                                                                                                                                                                                                                                                                                                                                                                                                                                                                  jsx-a11y/click-events-have-key-events
  153:5  warning  Avoid non-native interactive elements. If using native HTML is not possible, add an appropriate role and support for tabbing, mouse, keyboard, and touch inputs to an interactive content element                                                                                                                                                                                                                                                                                                                                                                                                                                                                                                                                                                                                                                                                                                                                                                                                                                                                               jsx-a11y/no-static-element-interactions

/home/twitlin/src/crosswithfriends/frontend/src/components/Toolbar/Popup.tsx
  85:5   warning  Avoid non-native interactive elements. If using native HTML is not possible, add an appropriate role and support for tabbing, mouse, keyboard, and touch inputs to an interactive content element  jsx-a11y/no-static-element-interactions
  85:76  warning  JSX props should not use arrow functions                                                                                                                                                           react/jsx-no-bind
  90:9   warning  JSX props should not use arrow functions                                                                                                                                                           react/jsx-no-bind
  93:9   warning  JSX props should not use arrow functions                                                                                                                                                           react/jsx-no-bind

/home/twitlin/src/crosswithfriends/frontend/src/components/Toolbar/index.tsx
   83:6   warning  React Hook useCallback has a missing dependency: 'props'. Either include it or remove the dependency array. However, 'props' will change when *any* prop changes, so the preferred fix is to destructure the 'props' object outside of the useCallback call and refer to those specific props inside useCallback  react-hooks/exhaustive-deps
   96:5   warning  React Hook useCallback has a missing dependency: 'props'. Either include it or remove the dependency array. However, 'props' will change when *any* prop changes, so the preferred fix is to destructure the 'props' object outside of the useCallback call and refer to those specific props inside useCallback  react-hooks/exhaustive-deps
  132:5   warning  React Hook useCallback has a missing dependency: 'props'. Either include it or remove the dependency array. However, 'props' will change when *any* prop changes, so the preferred fix is to destructure the 'props' object outside of the useCallback call and refer to those specific props inside useCallback  react-hooks/exhaustive-deps
  142:5   warning  React Hook useCallback has a missing dependency: 'props'. Either include it or remove the dependency array. However, 'props' will change when *any* prop changes, so the preferred fix is to destructure the 'props' object outside of the useCallback call and refer to those specific props inside useCallback  react-hooks/exhaustive-deps
  152:5   warning  React Hook useCallback has a missing dependency: 'props'. Either include it or remove the dependency array. However, 'props' will change when *any* prop changes, so the preferred fix is to destructure the 'props' object outside of the useCallback call and refer to those specific props inside useCallback  react-hooks/exhaustive-deps
  162:5   warning  React Hook useCallback has a missing dependency: 'props'. Either include it or remove the dependency array. However, 'props' will change when *any* prop changes, so the preferred fix is to destructure the 'props' object outside of the useCallback call and refer to those specific props inside useCallback  react-hooks/exhaustive-deps
  167:7   warning  Unexpected console statement. Only these console methods are allowed: warn, error                                                                                                                                                                                                                                 no-console
  168:7   warning  Unexpected console statement. Only these console methods are allowed: warn, error                                                                                                                                                                                                                                 no-console
  170:9   warning  Unexpected console statement. Only these console methods are allowed: warn, error                                                                                                                                                                                                                                 no-console
  176:5   warning  React Hook useCallback has a missing dependency: 'props'. Either include it or remove the dependency array. However, 'props' will change when *any* prop changes, so the preferred fix is to destructure the 'props' object outside of the useCallback call and refer to those specific props inside useCallback  react-hooks/exhaustive-deps
  180:5   warning  Unexpected console statement. Only these console methods are allowed: warn, error                                                                                                                                                                                                                                 no-console
  186:5   warning  Unexpected console statement. Only these console methods are allowed: warn, error                                                                                                                                                                                                                                 no-console
  187:5   warning  Unexpected console statement. Only these console methods are allowed: warn, error                                                                                                                                                                                                                                 no-console
  189:7   warning  Unexpected console statement. Only these console methods are allowed: warn, error                                                                                                                                                                                                                                 no-console
  195:6   warning  React Hook useCallback has a missing dependency: 'props'. Either include it or remove the dependency array. However, 'props' will change when *any* prop changes, so the preferred fix is to destructure the 'props' object outside of the useCallback call and refer to those specific props inside useCallback  react-hooks/exhaustive-deps
  203:7   warning  Unexpected console statement. Only these console methods are allowed: warn, error                                                                                                                                                                                                                                 no-console
  204:7   warning  Unexpected console statement. Only these console methods are allowed: warn, error                                                                                                                                                                                                                                 no-console
  206:9   warning  Unexpected console statement. Only these console methods are allowed: warn, error                                                                                                                                                                                                                                 no-console
  212:5   warning  React Hook useCallback has a missing dependency: 'props'. Either include it or remove the dependency array. However, 'props' will change when *any* prop changes, so the preferred fix is to destructure the 'props' object outside of the useCallback call and refer to those specific props inside useCallback  react-hooks/exhaustive-deps
  240:6   warning  React Hook useCallback has a missing dependency: 'props'. Either include it or remove the dependency array. However, 'props' will change when *any* prop changes, so the preferred fix is to destructure the 'props' object outside of the useCallback call and refer to those specific props inside useCallback  react-hooks/exhaustive-deps
  246:6   warning  React Hook useCallback has a missing dependency: 'props'. Either include it or remove the dependency array. However, 'props' will change when *any* prop changes, so the preferred fix is to destructure the 'props' object outside of the useCallback call and refer to those specific props inside useCallback  react-hooks/exhaustive-deps
  259:7   warning  Unexpected console statement. Only these console methods are allowed: warn, error                                                                                                                                                                                                                                 no-console
  300:21  warning  JSX props should not use arrow functions                                                                                                                                                                                                                                                                          react/jsx-no-bind
  301:21  warning  JSX props should not use arrow functions                                                                                                                                                                                                                                                                          react/jsx-no-bind
  302:21  warning  JSX props should not use arrow functions                                                                                                                                                                                                                                                                          react/jsx-no-bind
  359:21  warning  JSX props should not use arrow functions                                                                                                                                                                                                                                                                          react/jsx-no-bind
  360:21  warning  JSX props should not use arrow functions                                                                                                                                                                                                                                                                          react/jsx-no-bind
  361:21  warning  JSX props should not use arrow functions                                                                                                                                                                                                                                                                          react/jsx-no-bind
  426:21  warning  JSX props should not use arrow functions                                                                                                                                                                                                                                                                          react/jsx-no-bind
  427:21  warning  JSX props should not use arrow functions                                                                                                                                                                                                                                                                          react/jsx-no-bind
  428:21  warning  JSX props should not use arrow functions                                                                                                                                                                                                                                                                          react/jsx-no-bind
  429:21  warning  JSX props should not use arrow functions                                                                                                                                                                                                                                                                          react/jsx-no-bind
  482:13  warning  JSX props should not use arrow functions                                                                                                                                                                                                                                                                          react/jsx-no-bind
  490:13  warning  JSX props should not use arrow functions                                                                                                                                                                                                                                                                          react/jsx-no-bind
  498:13  warning  JSX props should not use arrow functions                                                                                                                                                                                                                                                                          react/jsx-no-bind
  506:13  warning  JSX props should not use arrow functions                                                                                                                                                                                                                                                                          react/jsx-no-bind
  514:13  warning  JSX props should not use arrow functions                                                                                                                                                                                                                                                                          react/jsx-no-bind
  522:13  warning  JSX props should not use arrow functions                                                                                                                                                                                                                                                                          react/jsx-no-bind
  584:13  warning  JSX props should not use arrow functions                                                                                                                                                                                                                                                                          react/jsx-no-bind
  597:13  warning  JSX props should not use arrow functions                                                                                                                                                                                                                                                                          react/jsx-no-bind
  637:9   warning  Visible, non-interactive elements with click handlers must have at least one keyboard listener                                                                                                                                                                                                                    jsx-a11y/click-events-have-key-events
  637:9   warning  Avoid non-native interactive elements. If using native HTML is not possible, add an appropriate role and support for tabbing, mouse, keyboard, and touch inputs to an interactive content element                                                                                                                 jsx-a11y/no-static-element-interactions
  647:7   warning  Visible, non-interactive elements with click handlers must have at least one keyboard listener                                                                                                                                                                                                                    jsx-a11y/click-events-have-key-events
  647:7   warning  Avoid non-native interactive elements. If using native HTML is not possible, add an appropriate role and support for tabbing, mouse, keyboard, and touch inputs to an interactive content element                                                                                                                 jsx-a11y/no-static-element-interactions
  655:6   warning  React Hook useCallback has a missing dependency: 'props'. Either include it or remove the dependency array                                                                                                                                                                                                        react-hooks/exhaustive-deps
  673:7   warning  Visible, non-interactive elements with click handlers must have at least one keyboard listener                                                                                                                                                                                                                    jsx-a11y/click-events-have-key-events
  673:7   warning  Avoid non-native interactive elements. If using native HTML is not possible, add an appropriate role and support for tabbing, mouse, keyboard, and touch inputs to an interactive content element                                                                                                                 jsx-a11y/no-static-element-interactions
  682:6   warning  React Hook useCallback has a missing dependency: 'props'. Either include it or remove the dependency array                                                                                                                                                                                                        react-hooks/exhaustive-deps
  692:9   warning  JSX props should not use arrow functions                                                                                                                                                                                                                                                                          react/jsx-no-bind
  712:9   warning  JSX props should not use arrow functions                                                                                                                                                                                                                                                                          react/jsx-no-bind
  720:6   warning  React Hook useCallback has a missing dependency: 'props'. Either include it or remove the dependency array                                                                                                                                                                                                        react-hooks/exhaustive-deps
  733:9   warning  JSX props should not use arrow functions                                                                                                                                                                                                                                                                          react/jsx-no-bind
  736:36  warning  Unexpected any. Specify a different type                                                                                                                                                                                                                                                                          @typescript-eslint/no-explicit-any
  743:13  warning  Visible, non-interactive elements with click handlers must have at least one keyboard listener                                                                                                                                                                                                                    jsx-a11y/click-events-have-key-events
  743:13  warning  Avoid non-native interactive elements. If using native HTML is not possible, add an appropriate role and support for tabbing, mouse, keyboard, and touch inputs to an interactive content element                                                                                                                 jsx-a11y/no-static-element-interactions
  747:15  warning  JSX props should not use arrow functions                                                                                                                                                                                                                                                                          react/jsx-no-bind
  754:6   warning  React Hook useCallback has a missing dependency: 'props'. Either include it or remove the dependency array                                                                                                                                                                                                        react-hooks/exhaustive-deps
  773:9   warning  JSX props should not use arrow functions                                                                                                                                                                                                                                                                          react/jsx-no-bind
  776:39  warning  Unexpected any. Specify a different type                                                                                                                                                                                                                                                                          @typescript-eslint/no-explicit-any
  783:6   warning  React Hook useCallback has a missing dependency: 'props'. Either include it or remove the dependency array                                                                                                                                                                                                        react-hooks/exhaustive-deps

/home/twitlin/src/crosswithfriends/frontend/src/components/Upload/FileUploader.tsx
   39:21  warning  Unexpected any. Specify a different type                                                                                                                                                                                                                                                                                                                                                                                                                                                                                                                                                                                                                                                                                                                                                                                                                                                                                                                                                                                                                                                                                                                                                                                                                                                                                                                               @typescript-eslint/no-explicit-any
   44:44  warning  Unexpected any. Specify a different type                                                                                                                                                                                                                                                                                                                                                                                                                                                                                                                                                                                                                                                                                                                                                                                                                                                                                                                                                                                                                                                                                                                                                                                                                                                                                                                               @typescript-eslint/no-explicit-any
   86:50  warning  Unexpected any. Specify a different type                                                                                                                                                                                                                                                                                                                                                                                                                                                                                                                                                                                                                                                                                                                                                                                                                                                                                                                                                                                                                                                                                                                                                                                                                                                                                                                               @typescript-eslint/no-explicit-any
  101:20  warning  Unexpected any. Specify a different type                                                                                                                                                                                                                                                                                                                                                                                                                                                                                                                                                                                                                                                                                                                                                                                                                                                                                                                                                                                                                                                                                                                                                                                                                                                                                                                               @typescript-eslint/no-explicit-any
  101:44  warning  Unexpected any. Specify a different type                                                                                                                                                                                                                                                                                                                                                                                                                                                                                                                                                                                                                                                                                                                                                                                                                                                                                                                                                                                                                                                                                                                                                                                                                                                                                                                               @typescript-eslint/no-explicit-any
  113:18  warning  Error: Cannot access variable before it is declared

`attemptPuzzleConversion` is accessed before it is declared, which prevents the earlier access from updating when this value changes over time.

/home/twitlin/src/crosswithfriends/frontend/src/components/Upload/FileUploader.tsx:113:18
  111 |           throw new UnknownFileTypeError(fileType);
  112 |         } else {
> 113 |           return attemptPuzzleConversion(readerResult, guessedFileType);
      |                  ^^^^^^^^^^^^^^^^^^^^^^^ `attemptPuzzleConversion` accessed before it is declared
  114 |         }
  115 |       }
  116 |     },

/home/twitlin/src/crosswithfriends/frontend/src/components/Upload/FileUploader.tsx:100:3
   98 |   }, []);
   99 |
> 100 |   const attemptPuzzleConversion = useCallback(
      |   ^^^^^^^^^^^^^^^^^^^^^^^^^^^^^^^^^^^^^^^^^^^^
> 101 |     (readerResult: any, fileType: string): any => {
      | ^^^^^^^^^^^^^^^^^^^^^^^^^^^^^^^^^^^^^^^^^^^^^^^^^^^
> 102 |       if (fileType === 'puz') {
      …
      | ^^^^^^^^^^^^^^^^^^^^^^^^^^^^^^^^^^^^^^^^^^^^^^^^^^^
> 117 |     [convertPUZ, convertIPUZ]
      | ^^^^^^^^^^^^^^^^^^^^^^^^^^^^^^^^^^^^^^^^^^^^^^^^^^^
> 118 |   );
      | ^^^^^ `attemptPuzzleConversion` is declared here
  119 |
  120 |   const onDrop = useCallback(
  121 |     (acceptedFiles: File[]) => {  react-hooks/immutability
  133:21  warning  Unexpected any. Specify a different type                                                                                                                                                                                                                                                                                                                                                                                                                                                                                                                                                                                                                                                                                                                                                                                                                                                                                                                                                                                                                                                                                                                                                                                                                                                                                                                               @typescript-eslint/no-explicit-any
  162:11  warning  Prop spreading is forbidden                                                                                                                                                                                                                                                                                                                                                                                                                                                                                                                                                                                                                                                                                                                                                                                                                                                                                                                                                                                                                                                                                                                                                                                                                                                                                                                                            react/jsx-props-no-spreading
  171:18  warning  Prop spreading is forbidden                                                                                                                                                                                                                                                                                                                                                                                                                                                                                                                                                                                                                                                                                                                                                                                                                                                                                                                                                                                                                                                                                                                                                                                                                                                                                                                                            react/jsx-props-no-spreading

/home/twitlin/src/crosswithfriends/frontend/src/components/Upload/Upload.tsx
   20:40  warning  Unexpected any. Specify a different type  @typescript-eslint/no-explicit-any
   59:51  warning  Unexpected any. Specify a different type  @typescript-eslint/no-explicit-any
  103:18  warning  Unexpected any. Specify a different type  @typescript-eslint/no-explicit-any
  137:18  warning  Unexpected any. Specify a different type  @typescript-eslint/no-explicit-any

/home/twitlin/src/crosswithfriends/frontend/src/components/WelcomeVariantsControl.tsx
  85:9   warning  Visible, non-interactive elements with click handlers must have at least one keyboard listener                                                                                                     jsx-a11y/click-events-have-key-events
  85:9   warning  Avoid non-native interactive elements. If using native HTML is not possible, add an appropriate role and support for tabbing, mouse, keyboard, and touch inputs to an interactive content element  jsx-a11y/no-static-element-interactions
  85:37  warning  JSX props should not use arrow functions                                                                                                                                                           react/jsx-no-bind

/home/twitlin/src/crosswithfriends/frontend/src/components/common/AccountError.tsx
  15:9  warning  JSX props should not use arrow functions  react/jsx-no-bind

/home/twitlin/src/crosswithfriends/frontend/src/components/common/EditableSpan.tsx
   33:49  warning  Unexpected dangling '_' in 'key_'                                                                                                                                                                                                                                                                                                                                                                                                                                                                                                                                                                                                                                                                                                                                                                                                                                                                                                                                                                                                                                                                                                                                                                                                                                                                                                                                                                                                                                                                                                                                                                                                                                                                       no-underscore-dangle
   52:6   warning  React Hook useMemo has a missing dependency: 'props'. Either include it or remove the dependency array                                                                                                                                                                                                                                                                                                                                                                                                                                                                                                                                                                                                                                                                                                                                                                                                                                                                                                                                                                                                                                                                                                                                                                                                                                                                                                                                                                                                                                                                                                                                                                                                  react-hooks/exhaustive-deps
   83:32  warning  Unexpected dangling '_' in 'key_'                                                                                                                                                                                                                                                                                                                                                                                                                                                                                                                                                                                                                                                                                                                                                                                                                                                                                                                                                                                                                                                                                                                                                                                                                                                                                                                                                                                                                                                                                                                                                                                                                                                                       no-underscore-dangle
   86:73  warning  Unexpected any. Specify a different type                                                                                                                                                                                                                                                                                                                                                                                                                                                                                                                                                                                                                                                                                                                                                                                                                                                                                                                                                                                                                                                                                                                                                                                                                                                                                                                                                                                                                                                                                                                                                                                                                                                                @typescript-eslint/no-explicit-any
   92:26  warning  Unexpected dangling '_' in 'key_'                                                                                                                                                                                                                                                                                                                                                                                                                                                                                                                                                                                                                                                                                                                                                                                                                                                                                                                                                                                                                                                                                                                                                                                                                                                                                                                                                                                                                                                                                                                                                                                                                                                                       no-underscore-dangle
   93:7   warning  Unexpected dangling '_' in 'key_'                                                                                                                                                                                                                                                                                                                                                                                                                                                                                                                                                                                                                                                                                                                                                                                                                                                                                                                                                                                                                                                                                                                                                                                                                                                                                                                                                                                                                                                                                                                                                                                                                                                                       no-underscore-dangle
   98:71  warning  Unexpected any. Specify a different type                                                                                                                                                                                                                                                                                                                                                                                                                                                                                                                                                                                                                                                                                                                                                                                                                                                                                                                                                                                                                                                                                                                                                                                                                                                                                                                                                                                                                                                                                                                                                                                                                                                                @typescript-eslint/no-explicit-any
  108:6   warning  React Hook useCallback has a missing dependency: 'props'. Either include it or remove the dependency array. However, 'props' will change when *any* prop changes, so the preferred fix is to destructure the 'props' object outside of the useCallback call and refer to those specific props inside useCallback                                                                                                                                                                                                                                                                                                                                                                                                                                                                                                                                                                                                                                                                                                                                                                                                                                                                                                                                                                                                                                                                                                                                                                                                                                                                                                                                                                                        react-hooks/exhaustive-deps
  126:5   warning  React Hook useCallback has a missing dependency: 'props'. Either include it or remove the dependency array. However, 'props' will change when *any* prop changes, so the preferred fix is to destructure the 'props' object outside of the useCallback call and refer to those specific props inside useCallback                                                                                                                                                                                                                                                                                                                                                                                                                                                                                                                                                                                                                                                                                                                                                                                                                                                                                                                                                                                                                                                                                                                                                                                                                                                                                                                                                                                        react-hooks/exhaustive-deps
  131:18  warning  Error: Cannot access refs during render

React refs are values that are not needed for rendering. Refs should only be accessed outside of render, such as in event handlers or effects. Accessing a ref value (the `current` property) during render can cause your component not to update as expected (https://react.dev/reference/react/useRef).

/home/twitlin/src/crosswithfriends/frontend/src/components/common/EditableSpan.tsx:131:18
  129 |   const handleKeyUp = useMemo(
  130 |     () =>
> 131 |       _.debounce(() => {
      |                  ^^^^^^^
> 132 |         if (props.hidden || !spanRef.current) return;
      | ^^^^^^^^^^^^^^^^^^^^^^^^^^^^^^^^^^^^^^^^^^^^^^^^^^^^^
> 133 |         let result = spanRef.current.textContent || '';
      | ^^^^^^^^^^^^^^^^^^^^^^^^^^^^^^^^^^^^^^^^^^^^^^^^^^^^^
> 134 |         const nbsp = String.fromCharCode(160);
      | ^^^^^^^^^^^^^^^^^^^^^^^^^^^^^^^^^^^^^^^^^^^^^^^^^^^^^
> 135 |         while (result.indexOf(nbsp) !== -1) {
      | ^^^^^^^^^^^^^^^^^^^^^^^^^^^^^^^^^^^^^^^^^^^^^^^^^^^^^
> 136 |           result = result.replace(nbsp, ' ');
      | ^^^^^^^^^^^^^^^^^^^^^^^^^^^^^^^^^^^^^^^^^^^^^^^^^^^^^
> 137 |         }
      | ^^^^^^^^^^^^^^^^^^^^^^^^^^^^^^^^^^^^^^^^^^^^^^^^^^^^^
> 138 |         while (result.startsWith(' ')) result = result.substring(1);
      | ^^^^^^^^^^^^^^^^^^^^^^^^^^^^^^^^^^^^^^^^^^^^^^^^^^^^^
> 139 |         props.onChange(result);
      | ^^^^^^^^^^^^^^^^^^^^^^^^^^^^^^^^^^^^^^^^^^^^^^^^^^^^^
> 140 |       }, 500),
      | ^^^^^^^^ Passing a ref to a function may read its value during render
  141 |     [props.onChange, props.hidden]
  142 |   );
  143 |  react-hooks/refs
  141:5   warning  React Hook useMemo has a missing dependency: 'props'. Either include it or remove the dependency array. However, 'props' will change when *any* prop changes, so the preferred fix is to destructure the 'props' object outside of the useMemo call and refer to those specific props inside useMemo                                                                                                                                                                                                                                                                                                                                                                                                                                                                                                                                                                                                                                                                                                                                                                                                                                                                                                                                                                                                                                                                                                                                                                                                                                                                                                                                                                                                    react-hooks/exhaustive-deps

/home/twitlin/src/crosswithfriends/frontend/src/components/common/ErrorBoundary.tsx
  103:15  warning  JSX props should not use arrow functions  react/jsx-no-bind

/home/twitlin/src/crosswithfriends/frontend/src/components/common/GameError.tsx
  15:9  warning  JSX props should not use arrow functions  react/jsx-no-bind

/home/twitlin/src/crosswithfriends/frontend/src/components/common/GameSkeletonLoader.tsx
  82:32  warning  Do not use Array index in keys  react/no-array-index-key
  88:32  warning  Do not use Array index in keys  react/no-array-index-key

/home/twitlin/src/crosswithfriends/frontend/src/components/common/Nav.tsx
   44:7  warning  Visible, non-interactive elements with click handlers must have at least one keyboard listener                                                                                                     jsx-a11y/click-events-have-key-events
   44:7  warning  Avoid non-native interactive elements. If using native HTML is not possible, add an appropriate role and support for tabbing, mouse, keyboard, and touch inputs to an interactive content element  jsx-a11y/no-static-element-interactions
   46:9  warning  JSX props should not use arrow functions                                                                                                                                                           react/jsx-no-bind
  117:9  warning  Visible, non-interactive elements with click handlers must have at least one keyboard listener                                                                                                     jsx-a11y/click-events-have-key-events
  117:9  warning  Avoid non-native interactive elements. If using native HTML is not possible, add an appropriate role and support for tabbing, mouse, keyboard, and touch inputs to an interactive content element  jsx-a11y/no-static-element-interactions

/home/twitlin/src/crosswithfriends/frontend/src/components/common/Powerups.tsx
  50:9  warning  JSX props should not use arrow functions  react/jsx-no-bind

/home/twitlin/src/crosswithfriends/frontend/src/components/common/RoomError.tsx
  15:9  warning  JSX props should not use arrow functions  react/jsx-no-bind

/home/twitlin/src/crosswithfriends/frontend/src/components/common/Timestamp.tsx
  57:22  warning  Expected to return a value at the end of arrow function                                                              consistent-return
  65:6   warning  React Hook React.useEffect has a missing dependency: 'formatTime'. Either include it or remove the dependency array  react-hooks/exhaustive-deps

/home/twitlin/src/crosswithfriends/frontend/src/hooks/useBattleSetup.ts
  68:16  warning  Expected to return a value at the end of arrow function  consistent-return

/home/twitlin/src/crosswithfriends/frontend/src/hooks/useComposition.ts
  77:55  warning  'options' is already declared in the upper scope on line 39 column 32  @typescript-eslint/no-shadow

/home/twitlin/src/crosswithfriends/frontend/src/hooks/useGame.ts
  26:14  warning  Unexpected any. Specify a different type  @typescript-eslint/no-explicit-any

/home/twitlin/src/crosswithfriends/frontend/src/hooks/useGamePowerups.ts
  104:9  warning  Unexpected dangling '_' in '_handleUsePowerup'  no-underscore-dangle

/home/twitlin/src/crosswithfriends/frontend/src/hooks/useGameSetup.ts
  67:16  warning  Expected to return a value at the end of arrow function  consistent-return
  79:16  warning  Expected to return a value at the end of arrow function  consistent-return

/home/twitlin/src/crosswithfriends/frontend/src/hooks/usePuzzle.ts
  63:5  warning  Arrow function expected no return value  consistent-return

/home/twitlin/src/crosswithfriends/frontend/src/hooks/useRoom.ts
  50:5  warning  Unexpected console statement. Only these console methods are allowed: warn, error                                                                                                                                                                                                                                                                                                                                                                                                                                                                                                                                                                                                                                                                                                                                                                                                                                                                                                                                                                                                   no-console
  71:5  warning  Error: Calling setState synchronously within an effect can trigger cascading renders

Effects are intended to synchronize state between React and external systems such as manually updating the DOM, state management libraries, or other platform APIs. In general, the body of an effect should do one or both of the following:
* Update external systems with the latest state from React.
* Subscribe for updates from some external system, calling setState in a callback function when external state changes.

Calling setState synchronously within an effect body causes cascading renders that can hurt performance, and is not recommended. (https://react.dev/learn/you-might-not-need-an-effect).

/home/twitlin/src/crosswithfriends/frontend/src/hooks/useRoom.ts:71:5
  69 |     if (!socket) return;
  70 |
> 71 |     setEvents([]);
     |     ^^^^^^^^^ Avoid calling setState() directly within an effect
  72 |     setLoading(true);
  73 |     const {syncPromise, unsubscribe} = subscribeToRoomEvents(socket, rid, setEvents);
  74 |     syncPromise  react-hooks/set-state-in-effect
  83:5  warning  Arrow function expected no return value                                                                                                                                                                                                                                                                                                                                                                                                                                                                                                                                                                                                                                                                                                                                                                                                                                                                                                                                                                                                                                             consistent-return

/home/twitlin/src/crosswithfriends/frontend/src/hooks/useStoreSubscriptions.ts
  26:64  warning  Forbidden non-null assertion                                                                                                                             @typescript-eslint/no-non-null-assertion
  31:6   warning  React Hook useEffect has a missing dependency: 'subscriptions'. Either include it or remove the dependency array                                         react-hooks/exhaustive-deps
  31:20  warning  React Hook useEffect has a spread element in its dependency array. This means we can't statically verify whether you've passed the correct dependencies  react-hooks/exhaustive-deps

/home/twitlin/src/crosswithfriends/frontend/src/localAuth.ts
  25:3  warning  Unexpected console statement. Only these console methods are allowed: warn, error  no-console

/home/twitlin/src/crosswithfriends/frontend/src/pages/Account.tsx
  38:13  warning  Visible, non-interactive elements with click handlers must have at least one keyboard listener                                                                                                     jsx-a11y/click-events-have-key-events
  38:13  warning  Avoid non-native interactive elements. If using native HTML is not possible, add an appropriate role and support for tabbing, mouse, keyboard, and touch inputs to an interactive content element  jsx-a11y/no-static-element-interactions
  41:15  warning  JSX props should not use arrow functions                                                                                                                                                           react/jsx-no-bind

/home/twitlin/src/crosswithfriends/frontend/src/pages/Battle.tsx
   86:7   warning  Error: Calling setState synchronously within an effect can trigger cascading renders

Effects are intended to synchronize state between React and external systems such as manually updating the DOM, state management libraries, or other platform APIs. In general, the body of an effect should do one or both of the following:
* Update external systems with the latest state from React.
* Subscribe for updates from some external system, calling setState in a callback function when external state changes.

Calling setState synchronously within an effect body causes cascading renders that can hurt performance, and is not recommended. (https://react.dev/learn/you-might-not-need-an-effect).

/home/twitlin/src/crosswithfriends/frontend/src/pages/Battle.tsx:86:7
  84 |     if (startedAt && team !== undefined && games && !redirecting) {
  85 |       const self = games[team];
> 86 |       setRedirecting(true);
     |       ^^^^^^^^^^^^^^ Avoid calling setState() directly within an effect
  87 |       redirect(`/beta/game/${self}`);
  88 |     }
  89 |   }, [startedAt, team, games, redirecting]);  react-hooks/set-state-in-effect
  153:19  warning  JSX props should not use arrow functions                                                                                                                                                                                                                                                                                                                                                                                                                                                                                                                                                                                                                                                                                                                                                                                                                                                                                                                                                                                                                                                                                                    react/jsx-no-bind
  160:19  warning  JSX props should not use arrow functions                                                                                                                                                                                                                                                                                                                                                                                                                                                                                                                                                                                                                                                                                                                                                                                                                                                                                                                                                                                                                                                                                                    react/jsx-no-bind
  169:19  warning  JSX props should not use arrow functions                                                                                                                                                                                                                                                                                                                                                                                                                                                                                                                                                                                                                                                                                                                                                                                                                                                                                                                                                                                                                                                                                                    react/jsx-no-bind
  184:19  warning  JSX props should not use arrow functions                                                                                                                                                                                                                                                                                                                                                                                                                                                                                                                                                                                                                                                                                                                                                                                                                                                                                                                                                                                                                                                                                                    react/jsx-no-bind

/home/twitlin/src/crosswithfriends/frontend/src/pages/Compose.tsx
  71:11  warning  JSX props should not use arrow functions  react/jsx-no-bind
  79:11  warning  JSX props should not use arrow functions  react/jsx-no-bind

/home/twitlin/src/crosswithfriends/frontend/src/pages/Composition.tsx
   35:28  warning  Unexpected any. Specify a different type                                                                                                                                                                                                                                                                                                                                                                                                                                                                                                                                                                                                                                                                                                                                                                                                                                                                                                                                                                              @typescript-eslint/no-explicit-any
   36:26  warning  Unexpected any. Specify a different type                                                                                                                                                                                                                                                                                                                                                                                                                                                                                                                                                                                                                                                                                                                                                                                                                                                                                                                                                                              @typescript-eslint/no-explicit-any
   60:50  warning  Error: Cannot access refs during render

React refs are values that are not needed for rendering. Refs should only be accessed outside of render, such as in event handlers or effects. Accessing a ref value (the `current` property) during render can cause your component not to update as expected (https://react.dev/reference/react/useRef).

/home/twitlin/src/crosswithfriends/frontend/src/pages/Composition.tsx:60:50
  58 |   });
  59 |
> 60 |   const [composition, setComposition] = useState(() => {
     |                                                  ^^^^^^^
> 61 |     if (!historyWrapperRef.current) return null;
     | ^^^^^^^^^^^^^^^^^^^^^^^^^^^^^^^^^^^^^^^^^^^^^^^^
> 62 |     return historyWrapperRef.current.getSnapshot();
     | ^^^^^^^^^^^^^^^^^^^^^^^^^^^^^^^^^^^^^^^^^^^^^^^^
> 63 |   });
     | ^^^^ Passing a ref to a function may read its value during render
  64 |
  65 |   const handleUpdate = useRef<_.DebouncedFunc<() => void>>();
  66 |   useEffect(() => {  react-hooks/refs
   99:6   warning  React Hook useEffect has a missing dependency: 'user'. Either include it or remove the dependency array                                                                                                                                                                                                                                                                                                                                                                                                                                                                                                                                                                                                                                                                                                                                                                                                                                                                                                               react-hooks/exhaustive-deps
  131:14  warning  Unexpected any. Specify a different type                                                                                                                                                                                                                                                                                                                                                                                                                                                                                                                                                                                                                                                                                                                                                                                                                                                                                                                                                                              @typescript-eslint/no-explicit-any
  149:9   warning  Unexpected dangling '_' in '_handleChat'                                                                                                                                                                                                                                                                                                                                                                                                                                                                                                                                                                                                                                                                                                                                                                                                                                                                                                                                                                              no-underscore-dangle
  185:9   warning  Unexpected dangling '_' in '_handleUnfocusChat'                                                                                                                                                                                                                                                                                                                                                                                                                                                                                                                                                                                                                                                                                                                                                                                                                                                                                                                                                                       no-underscore-dangle
  208:5   warning  Unexpected console statement. Only these console methods are allowed: warn, error                                                                                                                                                                                                                                                                                                                                                                                                                                                                                                                                                                                                                                                                                                                                                                                                                                                                                                                                     no-console
  210:5   warning  Unexpected console statement. Only these console methods are allowed: warn, error                                                                                                                                                                                                                                                                                                                                                                                                                                                                                                                                                                                                                                                                                                                                                                                                                                                                                                                                     no-console
  254:7   warning  Unexpected console statement. Only these console methods are allowed: warn, error                                                                                                                                                                                                                                                                                                                                                                                                                                                                                                                                                                                                                                                                                                                                                                                                                                                                                                                                     no-console
  353:13  warning  JSX props should not use arrow functions                                                                                                                                                                                                                                                                                                                                                                                                                                                                                                                                                                                                                                                                                                                                                                                                                                                                                                                                                                              react/jsx-no-bind

/home/twitlin/src/crosswithfriends/frontend/src/pages/Game.tsx
   51:12  warning  Do not nest ternary expressions                                                                                                                                        no-nested-ternary
   52:9   warning  Forbidden non-null assertion                                                                                                                                           @typescript-eslint/no-non-null-assertion
   54:11  warning  Forbidden non-null assertion                                                                                                                                           @typescript-eslint/no-non-null-assertion
   79:15  warning  'opponentGame' is already declared in the upper scope on line 59 column 44                                                                                             @typescript-eslint/no-shadow
  137:9   warning  Unexpected dangling '_' in '_query'                                                                                                                                    no-underscore-dangle
  138:11  warning  'params' is already declared in the upper scope on line 25 column 9                                                                                                    @typescript-eslint/no-shadow
  168:13  warning  'game' is already declared in the upper scope on line 59 column 38                                                                                                     @typescript-eslint/no-shadow
  173:29  warning  Forbidden non-null assertion                                                                                                                                           @typescript-eslint/no-non-null-assertion
  199:27  warning  Forbidden non-null assertion                                                                                                                                           @typescript-eslint/no-non-null-assertion
  248:64  warning  Forbidden non-null assertion                                                                                                                                           @typescript-eslint/no-non-null-assertion
  255:6   warning  React Hook useEffect has a missing dependency: 'gameHook'. Either include it or remove the dependency array                                                            react-hooks/exhaustive-deps
  301:9   warning  Unexpected dangling '_' in '_gameReady'                                                                                                                                no-underscore-dangle
  302:9   warning  Unexpected dangling '_' in '_gameState'                                                                                                                                no-underscore-dangle
  303:9   warning  Unexpected dangling '_' in '_gameInstance'                                                                                                                             no-underscore-dangle
  485:6   warning  React Hook useCallback has missing dependencies: 'battleHook', 'gameHook', 'scrollToBottomTrigger', and 'user.id'. Either include them or remove the dependency array  react-hooks/exhaustive-deps
  539:6   warning  React Hook useCallback has missing dependencies: 'gameHook.ready' and 'user.id'. Either include them or remove the dependency array                                    react-hooks/exhaustive-deps
  564:6   warning  React Hook useMemo has a missing dependency: 'gameHook.ready'. Either include it or remove the dependency array                                                        react-hooks/exhaustive-deps
  666:6   warning  React Hook useCallback has a missing dependency: 'handleToggleChat'. Either include it or remove the dependency array                                                  react-hooks/exhaustive-deps

/home/twitlin/src/crosswithfriends/frontend/src/pages/Play.tsx
   25:65  warning  Unexpected any. Specify a different type                                                                                                                                                                                                                                                                                                                                                                                                                                                                                                                                                                                                                                                                                                                                                                                                                                                                                                                                                                                                                                                                                                           @typescript-eslint/no-explicit-any
   36:11  warning  'params' is already declared in the upper scope on line 23 column 9                                                                                                                                                                                                                                                                                                                                                                                                                                                                                                                                                                                                                                                                                                                                                                                                                                                                                                                                                                                                                                                                                @typescript-eslint/no-shadow
  115:7   warning  Error: Calling setState synchronously within an effect can trigger cascading renders

Effects are intended to synchronize state between React and external systems such as manually updating the DOM, state management libraries, or other platform APIs. In general, the body of an effect should do one or both of the following:
* Update external systems with the latest state from React.
* Subscribe for updates from some external system, calling setState in a callback function when external state changes.

Calling setState synchronously within an effect body causes cascading renders that can hurt performance, and is not recommended. (https://react.dev/learn/you-might-not-need-an-effect).

/home/twitlin/src/crosswithfriends/frontend/src/pages/Play.tsx:115:7
  113 |     const shouldAutocreate = !creating && (!games || (games && games.length === 0) || is_new);
  114 |     if (shouldAutocreate) {
> 115 |       create();
      |       ^^^^^^ Avoid calling setState() directly within an effect
  116 |       return;
  117 |     }
  118 |     const shouldAutojoin = games && games.length > 0 && !creating;  react-hooks/set-state-in-effect
  125:20  warning  Do not nest ternary expressions                                                                                                                                                                                                                                                                                                                                                                                                                                                                                                                                                                                                                                                                                                                                                                                                                                                                                                                                                                                                                                                                                                                    no-nested-ternary

/home/twitlin/src/crosswithfriends/frontend/src/pages/Replay.tsx
   19:42  warning  Unexpected any. Specify a different type                                                                                                                                                                                                                                                                                                                                                                                                                                                                                                                                                                                                                                                                                                                                                                                                                                                                                                                                                                                                                                                                                                                                                                                                                                                                                                                        @typescript-eslint/no-explicit-any
   48:38  warning  Unexpected any. Specify a different type                                                                                                                                                                                                                                                                                                                                                                                                                                                                                                                                                                                                                                                                                                                                                                                                                                                                                                                                                                                                                                                                                                                                                                                                                                                                                                                        @typescript-eslint/no-explicit-any
   58:26  warning  Unexpected any. Specify a different type                                                                                                                                                                                                                                                                                                                                                                                                                                                                                                                                                                                                                                                                                                                                                                                                                                                                                                                                                                                                                                                                                                                                                                                                                                                                                                                        @typescript-eslint/no-explicit-any
   59:26  warning  Unexpected any. Specify a different type                                                                                                                                                                                                                                                                                                                                                                                                                                                                                                                                                                                                                                                                                                                                                                                                                                                                                                                                                                                                                                                                                                                                                                                                                                                                                                                        @typescript-eslint/no-explicit-any
   60:31  warning  Unexpected any. Specify a different type                                                                                                                                                                                                                                                                                                                                                                                                                                                                                                                                                                                                                                                                                                                                                                                                                                                                                                                                                                                                                                                                                                                                                                                                                                                                                                                        @typescript-eslint/no-explicit-any
   61:32  warning  Unexpected any. Specify a different type                                                                                                                                                                                                                                                                                                                                                                                                                                                                                                                                                                                                                                                                                                                                                                                                                                                                                                                                                                                                                                                                                                                                                                                                                                                                                                                        @typescript-eslint/no-explicit-any
   70:11  warning  Error: Cannot access refs during render

React refs are values that are not needed for rendering. Refs should only be accessed outside of render, such as in event handlers or effects. Accessing a ref value (the `current` property) during render can cause your component not to update as expected (https://react.dev/reference/react/useRef).

/home/twitlin/src/crosswithfriends/frontend/src/pages/Replay.tsx:70:11
  68 |     // compute the game state corresponding to current playback time
  69 |     try {
> 70 |       if (!historyWrapperRef.current || !historyWrapperRef.current.ready) return null;
     |           ^^^^^^^^^^^^^^^^^^^^^^^^^^ Cannot access ref value during render
  71 |       return historyWrapperRef.current.getSnapshotAt(positionToRender);
  72 |     } catch (err) {
  73 |       console.error('Error computing game state:', err);                                                                                                                                                                                                                                                                                                                                                                                                                                                                              react-hooks/refs
   70:11  warning  Error: Cannot access refs during render

React refs are values that are not needed for rendering. Refs should only be accessed outside of render, such as in event handlers or effects. Accessing a ref value (the `current` property) during render can cause your component not to update as expected (https://react.dev/reference/react/useRef).

/home/twitlin/src/crosswithfriends/frontend/src/pages/Replay.tsx:70:11
  68 |     // compute the game state corresponding to current playback time
  69 |     try {
> 70 |       if (!historyWrapperRef.current || !historyWrapperRef.current.ready) return null;
     |           ^^^^^^^^^^^^^^^^^^^^^^^^^^ Cannot access ref value during render
  71 |       return historyWrapperRef.current.getSnapshotAt(positionToRender);
  72 |     } catch (err) {
  73 |       console.error('Error computing game state:', err);                                                                                                                                                                                                                                                                                                                                                                                                                                                                              react-hooks/refs
   70:11  warning  Error: Cannot access refs during render

React refs are values that are not needed for rendering. Refs should only be accessed outside of render, such as in event handlers or effects. Accessing a ref value (the `current` property) during render can cause your component not to update as expected (https://react.dev/reference/react/useRef).

/home/twitlin/src/crosswithfriends/frontend/src/pages/Replay.tsx:70:11
  68 |     // compute the game state corresponding to current playback time
  69 |     try {
> 70 |       if (!historyWrapperRef.current || !historyWrapperRef.current.ready) return null;
     |           ^^^^^^^^^^^^^^^^^^^^^^^^^^ Cannot access ref value during render
  71 |       return historyWrapperRef.current.getSnapshotAt(positionToRender);
  72 |     } catch (err) {
  73 |       console.error('Error computing game state:', err);                                                                                                                                                                                                                                                                                                                                                                                                                                                                              react-hooks/refs
   70:12  warning  Error: Cannot access refs during render

React refs are values that are not needed for rendering. Refs should only be accessed outside of render, such as in event handlers or effects. Accessing a ref value (the `current` property) during render can cause your component not to update as expected (https://react.dev/reference/react/useRef).

/home/twitlin/src/crosswithfriends/frontend/src/pages/Replay.tsx:70:12
  68 |     // compute the game state corresponding to current playback time
  69 |     try {
> 70 |       if (!historyWrapperRef.current || !historyWrapperRef.current.ready) return null;
     |            ^^^^^^^^^^^^^^^^^^^^^^^^^ Cannot access ref value during render
  71 |       return historyWrapperRef.current.getSnapshotAt(positionToRender);
  72 |     } catch (err) {
  73 |       console.error('Error computing game state:', err);

To initialize a ref only once, check that the ref is null with the pattern `if (ref.current == null) { ref.current = ... }`                                                                                                                                                                                                                                                                                                                                                 react-hooks/refs
   70:42  warning  Error: Cannot access refs during render

React refs are values that are not needed for rendering. Refs should only be accessed outside of render, such as in event handlers or effects. Accessing a ref value (the `current` property) during render can cause your component not to update as expected (https://react.dev/reference/react/useRef).

/home/twitlin/src/crosswithfriends/frontend/src/pages/Replay.tsx:70:42
  68 |     // compute the game state corresponding to current playback time
  69 |     try {
> 70 |       if (!historyWrapperRef.current || !historyWrapperRef.current.ready) return null;
     |                                          ^^^^^^^^^^^^^^^^^^^^^^^^^^^^^^^ Cannot access ref value during render
  71 |       return historyWrapperRef.current.getSnapshotAt(positionToRender);
  72 |     } catch (err) {
  73 |       console.error('Error computing game state:', err);                                                                                                                                                                                                                                                                                                                                                                                                                                          react-hooks/refs
   71:14  warning  Error: Cannot access refs during render

React refs are values that are not needed for rendering. Refs should only be accessed outside of render, such as in event handlers or effects. Accessing a ref value (the `current` property) during render can cause your component not to update as expected (https://react.dev/reference/react/useRef).

/home/twitlin/src/crosswithfriends/frontend/src/pages/Replay.tsx:71:14
  69 |     try {
  70 |       if (!historyWrapperRef.current || !historyWrapperRef.current.ready) return null;
> 71 |       return historyWrapperRef.current.getSnapshotAt(positionToRender);
     |              ^^^^^^^^^^^^^^^^^^^^^^^^^ Passing a ref to a function may read its value during render
  72 |     } catch (err) {
  73 |       console.error('Error computing game state:', err);
  74 |       setError(err);                                                                                                                                                                                                                                                                                                                                                                                                                                                                                                     react-hooks/refs
   71:14  warning  Error: Cannot access refs during render

React refs are values that are not needed for rendering. Refs should only be accessed outside of render, such as in event handlers or effects. Accessing a ref value (the `current` property) during render can cause your component not to update as expected (https://react.dev/reference/react/useRef).

/home/twitlin/src/crosswithfriends/frontend/src/pages/Replay.tsx:71:14
  69 |     try {
  70 |       if (!historyWrapperRef.current || !historyWrapperRef.current.ready) return null;
> 71 |       return historyWrapperRef.current.getSnapshotAt(positionToRender);
     |              ^^^^^^^^^^^^^^^^^^^^^^^^^^^^^^^^^^^^^^^ Passing a ref to a function may read its value during render
  72 |     } catch (err) {
  73 |       console.error('Error computing game state:', err);
  74 |       setError(err);                                                                                                                                                                                                                                                                                                                                                                                                                                                                                       react-hooks/refs
   95:8   warning  Error: Cannot access refs during render

React refs are values that are not needed for rendering. Refs should only be accessed outside of render, such as in event handlers or effects. Accessing a ref value (the `current` property) during render can cause your component not to update as expected (https://react.dev/reference/react/useRef).

/home/twitlin/src/crosswithfriends/frontend/src/pages/Replay.tsx:95:8
  93 |
  94 |   const debouncedRecomputeHistoryRef = useRef<_.DebouncedFunc<() => void>>();
> 95 |   if (!debouncedRecomputeHistoryRef.current) {
     |        ^^^^^^^^^^^^^^^^^^^^^^^^^^^^^^^^^^^^ Cannot access ref value during render
  96 |     debouncedRecomputeHistoryRef.current = _.debounce(recomputeHistory);
  97 |   }
  98 |

To initialize a ref only once, check that the ref is null with the pattern `if (ref.current == null) { ref.current = ... }`                                                                                                                                                                                                                                                                                                                                                                                                                                                            react-hooks/refs
   96:55  warning  Error: Cannot access refs during render

React refs are values that are not needed for rendering. Refs should only be accessed outside of render, such as in event handlers or effects. Accessing a ref value (the `current` property) during render can cause your component not to update as expected (https://react.dev/reference/react/useRef).

/home/twitlin/src/crosswithfriends/frontend/src/pages/Replay.tsx:96:55
  94 |   const debouncedRecomputeHistoryRef = useRef<_.DebouncedFunc<() => void>>();
  95 |   if (!debouncedRecomputeHistoryRef.current) {
> 96 |     debouncedRecomputeHistoryRef.current = _.debounce(recomputeHistory);
     |                                                       ^^^^^^^^^^^^^^^^ Passing a ref to a function may read its value during render
  97 |   }
  98 |
  99 |   const setPositionToRenderThrottledRef = useRef<_.DebouncedFunc<(positionToRender: number) => void>>();                                                                                                                                                                                                                                                                                                                                                                                                                             react-hooks/refs
  100:8   warning  Error: Cannot access refs during render

React refs are values that are not needed for rendering. Refs should only be accessed outside of render, such as in event handlers or effects. Accessing a ref value (the `current` property) during render can cause your component not to update as expected (https://react.dev/reference/react/useRef).

/home/twitlin/src/crosswithfriends/frontend/src/pages/Replay.tsx:100:8
   98 |
   99 |   const setPositionToRenderThrottledRef = useRef<_.DebouncedFunc<(positionToRender: number) => void>>();
> 100 |   if (!setPositionToRenderThrottledRef.current) {
      |        ^^^^^^^^^^^^^^^^^^^^^^^^^^^^^^^^^^^^^^^ Cannot access ref value during render
  101 |     setPositionToRenderThrottledRef.current = _.throttle((positionToRender: number) => {
  102 |       setPositionToRender(positionToRender);
  103 |       if (controlsRef.current) {

To initialize a ref only once, check that the ref is null with the pattern `if (ref.current == null) { ref.current = ... }`                                                                                                                                                                                                                                                                                                                         react-hooks/refs
  101:58  warning  Error: Cannot access refs during render

React refs are values that are not needed for rendering. Refs should only be accessed outside of render, such as in event handlers or effects. Accessing a ref value (the `current` property) during render can cause your component not to update as expected (https://react.dev/reference/react/useRef).

/home/twitlin/src/crosswithfriends/frontend/src/pages/Replay.tsx:101:58
   99 |   const setPositionToRenderThrottledRef = useRef<_.DebouncedFunc<(positionToRender: number) => void>>();
  100 |   if (!setPositionToRenderThrottledRef.current) {
> 101 |     setPositionToRenderThrottledRef.current = _.throttle((positionToRender: number) => {
      |                                                          ^^^^^^^^^^^^^^^^^^^^^^^^^^^^^^^
> 102 |       setPositionToRender(positionToRender);
      | ^^^^^^^^^^^^^^^^^^^^^^^^^^^^^^^^^^^^^^^^^^^^
> 103 |       if (controlsRef.current) {
      | ^^^^^^^^^^^^^^^^^^^^^^^^^^^^^^^^^^^^^^^^^^^^
> 104 |         controlsRef.current.focus();
      | ^^^^^^^^^^^^^^^^^^^^^^^^^^^^^^^^^^^^^^^^^^^^
> 105 |       }
      | ^^^^^^^^^^^^^^^^^^^^^^^^^^^^^^^^^^^^^^^^^^^^
> 106 |     }, 200);
      | ^^^^^^ Passing a ref to a function may read its value during render
  107 |   }
  108 |
  109 |   const handleSetPosition = useCallback(  react-hooks/refs
  101:59  warning  'positionToRender' is already declared in the upper scope on line 41 column 10                                                                                                                                                                                                                                                                                                                                                                                                                                                                                                                                                                                                                                                                                                                                                                                                                                                                                                                                                                                                                                                                                                                                                                                                                                                                                  @typescript-eslint/no-shadow
  127:77  warning  Unexpected any. Specify a different type                                                                                                                                                                                                                                                                                                                                                                                                                                                                                                                                                                                                                                                                                                                                                                                                                                                                                                                                                                                                                                                                                                                                                                                                                                                                                                                        @typescript-eslint/no-explicit-any
  138:89  warning  Unexpected any. Specify a different type                                                                                                                                                                                                                                                                                                                                                                                                                                                                                                                                                                                                                                                                                                                                                                                                                                                                                                                                                                                                                                                                                                                                                                                                                                                                                                                        @typescript-eslint/no-explicit-any
  200:43  warning  'cursor' is already declared in the upper scope on line 200 column 13                                                                                                                                                                                                                                                                                                                                                                                                                                                                                                                                                                                                                                                                                                                                                                                                                                                                                                                                                                                                                                                                                                                                                                                                                                                                                           @typescript-eslint/no-shadow
  200:51  warning  Unexpected any. Specify a different type                                                                                                                                                                                                                                                                                                                                                                                                                                                                                                                                                                                                                                                                                                                                                                                                                                                                                                                                                                                                                                                                                                                                                                                                                                                                                                                        @typescript-eslint/no-explicit-any
  220:43  warning  'cursor' is already declared in the upper scope on line 220 column 13                                                                                                                                                                                                                                                                                                                                                                                                                                                                                                                                                                                                                                                                                                                                                                                                                                                                                                                                                                                                                                                                                                                                                                                                                                                                                           @typescript-eslint/no-shadow
  220:51  warning  Unexpected any. Specify a different type                                                                                                                                                                                                                                                                                                                                                                                                                                                                                                                                                                                                                                                                                                                                                                                                                                                                                                                                                                                                                                                                                                                                                                                                                                                                                                                        @typescript-eslint/no-explicit-any
  356:9   warning  JSX props should not use arrow functions                                                                                                                                                                                                                                                                                                                                                                                                                                                                                                                                                                                                                                                                                                                                                                                                                                                                                                                                                                                                                                                                                                                                                                                                                                                                                                                        react/jsx-no-bind
  359:9   warning  JSX props should not use arrow functions                                                                                                                                                                                                                                                                                                                                                                                                                                                                                                                                                                                                                                                                                                                                                                                                                                                                                                                                                                                                                                                                                                                                                                                                                                                                                                                        react/jsx-no-bind
  405:9   warning  Unexpected dangling '_' in '_renderChat'                                                                                                                                                                                                                                                                                                                                                                                                                                                                                                                                                                                                                                                                                                                                                                                                                                                                                                                                                                                                                                                                                                                                                                                                                                                                                                                        no-underscore-dangle
  422:7   warning  Avoid non-native interactive elements. If using native HTML is not possible, add an appropriate role and support for tabbing, mouse, keyboard, and touch inputs to an interactive content element                                                                                                                                                                                                                                                                                                                                                                                                                                                                                                                                                                                                                                                                                                                                                                                                                                                                                                                                                                                                                                                                                                                                                               jsx-a11y/no-static-element-interactions
  433:9   warning  `tabIndex` should only be declared on interactive elements                                                                                                                                                                                                                                                                                                                                                                                                                                                                                                                                                                                                                                                                                                                                                                                                                                                                                                                                                                                                                                                                                                                                                                                                                                                                                                      jsx-a11y/no-noninteractive-tabindex
  433:9   warning  Avoid positive integer values for tabIndex                                                                                                                                                                                                                                                                                                                                                                                                                                                                                                                                                                                                                                                                                                                                                                                                                                                                                                                                                                                                                                                                                                                                                                                                                                                                                                                      jsx-a11y/tabindex-no-positive
  450:11  warning  Visible, non-interactive elements with click handlers must have at least one keyboard listener                                                                                                                                                                                                                                                                                                                                                                                                                                                                                                                                                                                                                                                                                                                                                                                                                                                                                                                                                                                                                                                                                                                                                                                                                                                                  jsx-a11y/click-events-have-key-events
  450:11  warning  Avoid non-native interactive elements. If using native HTML is not possible, add an appropriate role and support for tabbing, mouse, keyboard, and touch inputs to an interactive content element                                                                                                                                                                                                                                                                                                                                                                                                                                                                                                                                                                                                                                                                                                                                                                                                                                                                                                                                                                                                                                                                                                                                                               jsx-a11y/no-static-element-interactions
  469:59  warning  Forbidden non-null assertion                                                                                                                                                                                                                                                                                                                                                                                                                                                                                                                                                                                                                                                                                                                                                                                                                                                                                                                                                                                                                                                                                                                                                                                                                                                                                                                                    @typescript-eslint/no-non-null-assertion
  475:13  warning  Visible, non-interactive elements with click handlers must have at least one keyboard listener                                                                                                                                                                                                                                                                                                                                                                                                                                                                                                                                                                                                                                                                                                                                                                                                                                                                                                                                                                                                                                                                                                                                                                                                                                                                  jsx-a11y/click-events-have-key-events
  475:13  warning  Avoid non-native interactive elements. If using native HTML is not possible, add an appropriate role and support for tabbing, mouse, keyboard, and touch inputs to an interactive content element                                                                                                                                                                                                                                                                                                                                                                                                                                                                                                                                                                                                                                                                                                                                                                                                                                                                                                                                                                                                                                                                                                                                                               jsx-a11y/no-static-element-interactions
  477:15  warning  JSX props should not use arrow functions                                                                                                                                                                                                                                                                                                                                                                                                                                                                                                                                                                                                                                                                                                                                                                                                                                                                                                                                                                                                                                                                                                                                                                                                                                                                                                                        react/jsx-no-bind
  536:61  warning  Error: Cannot access refs during render

React refs are values that are not needed for rendering. Refs should only be accessed outside of render, such as in event handlers or effects. Accessing a ref value (the `current` property) during render can cause your component not to update as expected (https://react.dev/reference/react/useRef).

/home/twitlin/src/crosswithfriends/frontend/src/pages/Replay.tsx:536:61
  534 |         }}
  535 |       >
> 536 |         <Box sx={{flex: 1, padding: isMobile() ? 0 : 2.5}}>{renderPlayer()}</Box>
      |                                                             ^^^^^^^^^^^^ This function accesses a ref value
  537 |         <div
  538 |           style={{
  539 |             zIndex: 1,                                                                                                                                                                                                                                                                                                                                                                                                                                                                                                                                                                                                    react-hooks/refs
  543:12  warning  Error: Cannot access refs during render

React refs are values that are not needed for rendering. Refs should only be accessed outside of render, such as in event handlers or effects. Accessing a ref value (the `current` property) during render can cause your component not to update as expected (https://react.dev/reference/react/useRef).

/home/twitlin/src/crosswithfriends/frontend/src/pages/Replay.tsx:543:12
  541 |           }}
  542 |         >
> 543 |           {renderControls()}
      |            ^^^^^^^^^^^^^^ This function accesses a ref value
  544 |         </div>
  545 |       </Stack>
  546 |       {/* Controls:                                                                                                                                                                                                                                                                                                                                                                                                                                                                                                                                                                                                                                                                                                         react-hooks/refs

/home/twitlin/src/crosswithfriends/frontend/src/pages/Replays.tsx
  180:57  warning  'snapshot' is already declared in the upper scope on line 176 column 43  @typescript-eslint/no-shadow
  203:12  warning  Do not nest ternary expressions                                          no-nested-ternary
  320:11  warning  JSX props should not use arrow functions                                 react/jsx-no-bind
  329:11  warning  JSX props should not use arrow functions                                 react/jsx-no-bind

/home/twitlin/src/crosswithfriends/frontend/src/pages/Room.tsx
  117:19  warning  JSX props should not use arrow functions  react/jsx-no-bind

/home/twitlin/src/crosswithfriends/frontend/src/pages/Stats.tsx
  18:43  warning  Unexpected any. Specify a different type  @typescript-eslint/no-explicit-any

/home/twitlin/src/crosswithfriends/frontend/src/pages/Welcome.tsx
   42:65  warning  Unexpected any. Specify a different type                                                                                                                                                                                                                                                                          @typescript-eslint/no-explicit-any
  150:5   warning  React Hook useCallback has a missing dependency: 'props'. Either include it or remove the dependency array. However, 'props' will change when *any* prop changes, so the preferred fix is to destructure the 'props' object outside of the useCallback call and refer to those specific props inside useCallback  react-hooks/exhaustive-deps
  160:6   warning  React Hook useEffect has a missing dependency: 'props'. Either include it or remove the dependency array. However, 'props' will change when *any* prop changes, so the preferred fix is to destructure the 'props' object outside of the useEffect call and refer to those specific props inside useEffect        react-hooks/exhaustive-deps
  225:21  warning  JSX props should not use arrow functions                                                                                                                                                                                                                                                                          react/jsx-no-bind
  327:19  warning  JSX props should not use arrow functions                                                                                                                                                                                                                                                                          react/jsx-no-bind
  332:19  warning  JSX props should not use arrow functions                                                                                                                                                                                                                                                                          react/jsx-no-bind
  334:23  warning  Prop spreading is forbidden                                                                                                                                                                                                                                                                                       react/jsx-props-no-spreading

/home/twitlin/src/crosswithfriends/frontend/src/pages/WrappedWelcome.tsx
  97:16  warning  Prop spreading is forbidden  react/jsx-props-no-spreading

/home/twitlin/src/crosswithfriends/frontend/src/routes/index.tsx
  23:28  warning  Unexpected any. Specify a different type  @typescript-eslint/no-explicit-any
  26:33  warning  Unexpected any. Specify a different type  @typescript-eslint/no-explicit-any

/home/twitlin/src/crosswithfriends/frontend/src/sockets/SocketContext.tsx
  32:30  warning  Expected to return a value at the end of async arrow function  consistent-return

/home/twitlin/src/crosswithfriends/frontend/src/sockets/SocketManager.ts
   69:11  warning  Unexpected console statement. Only these console methods are allowed: warn, error  no-console
   85:9   warning  Unexpected console statement. Only these console methods are allowed: warn, error  no-console
   88:9   warning  Unexpected console statement. Only these console methods are allowed: warn, error  no-console
   91:9   warning  Unexpected console statement. Only these console methods are allowed: warn, error  no-console
   95:5   warning  Unexpected console statement. Only these console methods are allowed: warn, error  no-console
  109:21  warning  Unexpected console statement. Only these console methods are allowed: warn, error  no-console
  116:19  warning  Unexpected console statement. Only these console methods are allowed: warn, error  no-console
  140:17  warning  Unexpected console statement. Only these console methods are allowed: warn, error  no-console
  147:15  warning  Unexpected console statement. Only these console methods are allowed: warn, error  no-console

/home/twitlin/src/crosswithfriends/frontend/src/sockets/emitAsync.ts
  16:60  warning  Unexpected any. Specify a different type  @typescript-eslint/no-explicit-any
  18:16  warning  Unexpected any. Specify a different type  @typescript-eslint/no-explicit-any
  33:75  warning  Unexpected any. Specify a different type  @typescript-eslint/no-explicit-any

/home/twitlin/src/crosswithfriends/frontend/src/store/EventEmitter.ts
   3:45  warning  Unexpected any. Specify a different type  @typescript-eslint/no-explicit-any
   5:41  warning  Unexpected any. Specify a different type  @typescript-eslint/no-explicit-any
   9:5   warning  Forbidden non-null assertion              @typescript-eslint/no-non-null-assertion
  13:43  warning  Unexpected any. Specify a different type  @typescript-eslint/no-explicit-any
  14:35  warning  Unexpected any. Specify a different type  @typescript-eslint/no-explicit-any
  21:42  warning  Unexpected any. Specify a different type  @typescript-eslint/no-explicit-any
  32:32  warning  Unexpected any. Specify a different type  @typescript-eslint/no-explicit-any
  43:53  warning  Unexpected any. Specify a different type  @typescript-eslint/no-explicit-any
  47:50  warning  Unexpected any. Specify a different type  @typescript-eslint/no-explicit-any

/home/twitlin/src/crosswithfriends/frontend/src/store/battleStore.ts
   35:60  warning  Unexpected any. Specify a different type  @typescript-eslint/no-explicit-any
   37:51  warning  Unexpected any. Specify a different type  @typescript-eslint/no-explicit-any
   39:64  warning  Unexpected any. Specify a different type  @typescript-eslint/no-explicit-any
   40:59  warning  Unexpected any. Specify a different type  @typescript-eslint/no-explicit-any
  145:27  warning  Forbidden non-null assertion              @typescript-eslint/no-non-null-assertion
  197:27  warning  Forbidden non-null assertion              @typescript-eslint/no-non-null-assertion
  253:53  warning  Unexpected any. Specify a different type  @typescript-eslint/no-explicit-any
  341:44  warning  Unexpected any. Specify a different type  @typescript-eslint/no-explicit-any
  346:53  warning  Unexpected any. Specify a different type  @typescript-eslint/no-explicit-any
  368:32  warning  Unexpected any. Specify a different type  @typescript-eslint/no-explicit-any
  424:20  warning  Forbidden non-null assertion              @typescript-eslint/no-non-null-assertion

/home/twitlin/src/crosswithfriends/frontend/src/store/compositionStore.ts
  169:27  warning  Forbidden non-null assertion  @typescript-eslint/no-non-null-assertion

/home/twitlin/src/crosswithfriends/frontend/src/store/demoUser.ts
   4:20  warning  Unexpected any. Specify a different type             @typescript-eslint/no-explicit-any
  17:3   warning  Expected 'this' to be used by class method 'detach'  class-methods-use-this

/home/twitlin/src/crosswithfriends/frontend/src/store/gameStore.ts
   44:14  warning  Unexpected any. Specify a different type  @typescript-eslint/no-explicit-any
   86:50  warning  Unexpected any. Specify a different type  @typescript-eslint/no-explicit-any
  439:22  warning  Unexpected any. Specify a different type  @typescript-eslint/no-explicit-any
  599:27  warning  Forbidden non-null assertion              @typescript-eslint/no-non-null-assertion
  651:27  warning  Forbidden non-null assertion              @typescript-eslint/no-non-null-assertion
  912:35  warning  Unexpected any. Specify a different type  @typescript-eslint/no-explicit-any

/home/twitlin/src/crosswithfriends/frontend/src/store/user.ts
  37:7   warning  Unexpected console statement. Only these console methods are allowed: warn, error  no-console
  79:30  warning  Unexpected any. Specify a different type                                           @typescript-eslint/no-explicit-any
  87:31  warning  Unexpected any. Specify a different type                                           @typescript-eslint/no-explicit-any

/home/twitlin/src/crosswithfriends/frontend/src/tests/components/Chat/ChatBar.test.tsx
  11:16  warning  JSX props should not use arrow functions  react/jsx-no-bind
  11:41  warning  JSX props should not use arrow functions  react/jsx-no-bind
  26:16  warning  JSX props should not use arrow functions  react/jsx-no-bind
  26:46  warning  JSX props should not use arrow functions  react/jsx-no-bind
  42:28  warning  JSX props should not use arrow functions  react/jsx-no-bind
  42:53  warning  JSX props should not use arrow functions  react/jsx-no-bind
  43:17  warning  JSX props should not use arrow functions  react/jsx-no-bind
  63:23  warning  JSX props should not use arrow functions  react/jsx-no-bind
  63:48  warning  JSX props should not use arrow functions  react/jsx-no-bind

/home/twitlin/src/crosswithfriends/frontend/src/tests/components/Grid/Cell.test.tsx
  25:20  warning  Unexpected any. Specify a different type  @typescript-eslint/no-explicit-any
  34:13  warning  Prop spreading is forbidden               react/jsx-props-no-spreading
  49:13  warning  Prop spreading is forbidden               react/jsx-props-no-spreading
  49:32  warning  JSX props should not use arrow functions  react/jsx-no-bind
  65:13  warning  Prop spreading is forbidden               react/jsx-props-no-spreading
  65:32  warning  JSX props should not use arrow functions  react/jsx-no-bind
  76:13  warning  Prop spreading is forbidden               react/jsx-props-no-spreading
  86:13  warning  Prop spreading is forbidden               react/jsx-props-no-spreading
  96:13  warning  Prop spreading is forbidden               react/jsx-props-no-spreading

/home/twitlin/src/crosswithfriends/frontend/src/tests/components/Toolbar/Clock.test.tsx
  37:23  warning  JSX props should not use arrow functions  react/jsx-no-bind
  53:31  warning  JSX props should not use arrow functions  react/jsx-no-bind

/home/twitlin/src/crosswithfriends/frontend/src/tests/components/common/EditableSpan.test.tsx
   11:40  warning  JSX props should not use arrow functions  react/jsx-no-bind
   21:30  warning  JSX props should not use arrow functions  react/jsx-no-bind
   31:34  warning  JSX props should not use arrow functions  react/jsx-no-bind
   46:37  warning  JSX props should not use arrow functions  react/jsx-no-bind
   68:37  warning  JSX props should not use arrow functions  react/jsx-no-bind
   87:46  warning  JSX props should not use arrow functions  react/jsx-no-bind
   88:17  warning  JSX props should not use arrow functions  react/jsx-no-bind
  114:34  warning  JSX props should not use arrow functions  react/jsx-no-bind
  114:54  warning  JSX props should not use arrow functions  react/jsx-no-bind

/home/twitlin/src/crosswithfriends/frontend/src/tests/components/common/ErrorBoundary.test.tsx
   8:7   warning  Unexpected dangling '_' in '_ThrowError'  no-underscore-dangle
  73:22  warning  JSX props should not use arrow functions  react/jsx-no-bind

/home/twitlin/src/crosswithfriends/frontend/src/tests/components/common/Powerups.test.tsx
  19:41  warning  JSX props should not use arrow functions  react/jsx-no-bind
  34:41  warning  JSX props should not use arrow functions  react/jsx-no-bind
  53:31  warning  JSX props should not use arrow functions  react/jsx-no-bind

/home/twitlin/src/crosswithfriends/frontend/src/tests/mocks/firebase.ts
  13:42  warning  Unexpected any. Specify a different type  @typescript-eslint/no-explicit-any
  33:21  warning  Unexpected any. Specify a different type  @typescript-eslint/no-explicit-any
  39:19  warning  Unexpected any. Specify a different type  @typescript-eslint/no-explicit-any
  39:46  warning  Unexpected any. Specify a different type  @typescript-eslint/no-explicit-any

/home/twitlin/src/crosswithfriends/frontend/src/tests/mocks/socket.ts
   8:34  warning  Unexpected any. Specify a different type                                           @typescript-eslint/no-explicit-any
   9:43  warning  Unexpected any. Specify a different type                                           @typescript-eslint/no-explicit-any
  10:45  warning  Unexpected any. Specify a different type                                           @typescript-eslint/no-explicit-any
  13:46  warning  Unexpected any. Specify a different type                                           @typescript-eslint/no-explicit-any
  17:51  warning  Unexpected any. Specify a different type                                           @typescript-eslint/no-explicit-any
  22:36  warning  Unexpected any. Specify a different type                                           @typescript-eslint/no-explicit-any
  24:7   warning  Unexpected console statement. Only these console methods are allowed: warn, error  no-console
  26:45  warning  Unexpected any. Specify a different type                                           @typescript-eslint/no-explicit-any
  32:47  warning  Unexpected any. Specify a different type                                           @typescript-eslint/no-explicit-any
  60:80  warning  Unexpected any. Specify a different type                                           @typescript-eslint/no-explicit-any
  61:7   warning  Unexpected dangling '_' in '_callbacks'                                            no-underscore-dangle
  62:5   warning  Unexpected dangling '_' in '_callbacks'                                            no-underscore-dangle

/home/twitlin/src/crosswithfriends/frontend/src/tests/mocks/user.ts
  9:7  warning  Unexpected any. Specify a different type  @typescript-eslint/no-explicit-any

/home/twitlin/src/crosswithfriends/frontend/src/tests/setup.ts
  44:18  warning  Unexpected any. Specify a different type  @typescript-eslint/no-explicit-any

✖ 624 problems (1 error, 623 warnings)
  0 errors and 2 warnings potentially fixable with the `--fix` option.

